rm -f libacados_ocp_solver_hummingbird_domain_0.so
rm -f acados_solver_hummingbird_domain_0.o
cc -fPIC -std=c99   -O2 -I/home/sxh/acados/include -I/home/sxh/acados/include/acados -I/home/sxh/acados/include/blasfeo/include -I/home/sxh/acados/include/hpipm/include  -c -o acados_solver_hummingbird_domain_0.o acados_solver_hummingbird_domain_0.c
cc -fPIC -std=c99   -O2 -I/home/sxh/acados/include -I/home/sxh/acados/include/acados -I/home/sxh/acados/include/blasfeo/include -I/home/sxh/acados/include/hpipm/include  -c -o hummingbird_domain_0_model/hummingbird_domain_0_expl_ode_fun.o hummingbird_domain_0_model/hummingbird_domain_0_expl_ode_fun.c
cc -fPIC -std=c99   -O2 -I/home/sxh/acados/include -I/home/sxh/acados/include/acados -I/home/sxh/acados/include/blasfeo/include -I/home/sxh/acados/include/hpipm/include  -c -o hummingbird_domain_0_model/hummingbird_domain_0_expl_vde_forw.o hummingbird_domain_0_model/hummingbird_domain_0_expl_vde_forw.c
cc -fPIC -std=c99   -O2 -I/home/sxh/acados/include -I/home/sxh/acados/include/acados -I/home/sxh/acados/include/blasfeo/include -I/home/sxh/acados/include/hpipm/include  -c -o hummingbird_domain_0_model/hummingbird_domain_0_expl_vde_adj.o hummingbird_domain_0_model/hummingbird_domain_0_expl_vde_adj.c
cc -shared acados_solver_hummingbird_domain_0.o hummingbird_domain_0_model/hummingbird_domain_0_expl_ode_fun.o hummingbird_domain_0_model/hummingbird_domain_0_expl_vde_forw.o hummingbird_domain_0_model/hummingbird_domain_0_expl_vde_adj.o -o libacados_ocp_solver_hummingbird_domain_0.so -L/home/sxh/acados/lib -lacados -lhpipm -lblasfeo -lm  \
-L -l
[INFO] [1780842944.173826, 7895.820000]: Sending increasing speed wraped lemniscate trajectory
Maximum yawrate before adaption: 0.300
Maximum yawrate after adaption: 0.007
Traceback (most recent call last):
  File "/home/sxh/zyy_ws/src/SSI-MPC/ros_mpc/nodes/reference_publisher_node.py", line 236, in <module>
    ReferenceGenerator()
  File "/home/sxh/zyy_ws/src/SSI-MPC/ros_mpc/nodes/reference_publisher_node.py", line 223, in __init__
    rate.sleep()
  File "/opt/ros/noetic/lib/python3/dist-packages/rospy/timer.py", line 103, in sleep
    sleep(self._remaining(curr_time))
  File "/opt/ros/noetic/lib/python3/dist-packages/rospy/timer.py", line 165, in sleep
    raise rospy.exceptions.ROSInterruptException("ROS shutdown request")
rospy.exceptions.ROSInterruptException: ROS shutdown request
[INFO] [1780842934.301193, 0.000000]: Physics running at 0.50 normal speed
[INFO] [1780842934.302402, 0.000000]: Attempting to load GP model from:
   git: e0d4afb
   name: gazebo_sim_gp
   meta: {'gazebo': 'default'}
[INFO] [1780842934.303303, 0.000000]: Successfully loaded GP model
field AcadosOcpDims.N has been migrated to AcadosOcpOptions.N_horizon. setting AcadosOcpOptions.N_horizon = N. For future comppatibility, please use AcadosOcpOptions.N_horizon directly.
External functions generated in 40.311 ms.
Templated solver code generated in 523.256 ms.
Build completed in 2997.441 ms.
acados was compiled without OpenMP.
[INFO] [1780842937.911566, 7892.690000]: Entering provisional hovering mode while to reference is available at: 
[INFO] [1780842937.912683, 7892.690000]: [-3.4338472465152723, -0.5784535038970586, 0.069211631405593, 0.09764958203064455, -0.3916269308312661, 0.913970539234108, 0.04184207916723417, 0.00020524841995733808, 0.00020318725123376325, 0.009851081315874673, 0.0001737476116472651, 0.004009328989526225, -8.18055870945615e-05]
[INFO] [1780842944.229328, 7895.840000]: New trajectory received. Time duration: 43.98 s. Max velocity: 5.00 m/s. Max speed: 7.4352.
[INFO] [1780842944.233835, 7895.850000]: Abandoning provisional hovering mode.
[INFO] [1780842992.762597, 7920.110000]: Reached initial position of trajectory.
[INFO] [1780843094.223884, 7970.830000]: Tracking complete. Total RMSE: 0.08067 m. Max axial vel: 4.733. Mean optimization time: 2.507 ms
[INFO] [1780843094.264171, 7970.850000]: Entering provisional hovering mode while to reference is available at: 
[INFO] [1780843094.265895, 7970.850000]: [-11.345336671068058, -3.3039252790568745, 0.14065978052395417, 0.9999999864411137, 1.2865284876304557e-06, -1.4532208061999843e-07, -0.00016466965784794137, -7.345110936702151e-05, -1.938275799216069e-06, -0.2622369679186045, -9.58125027364403e-05, 0.00022172981877278752, 0.0010252159922571461]
Traceback (most recent call last):
  File "/home/sxh/zyy_ws/devel/lib/paper_reproduction/gp_mpc_repro_node.py", line 15, in <module>
    exec(compile(fh.read(), python_script, 'exec'), context)
  File "/home/sxh/zyy_ws/src/paper_reproduction/scripts/gp_mpc_repro_node.py", line 125, in <module>
    main()
  File "/home/sxh/zyy_ws/src/paper_reproduction/scripts/gp_mpc_repro_node.py", line 111, in main
    GPMPCWrapper(
  File "/home/sxh/zyy_ws/src/paper_reproduction/scripts/gp_mpc_repro_node.py", line 43, in _gpmpc_init_save_to_benchmark
    _orig_gpmpc_init(self, *args, **kwargs)
  File "/home/sxh/zyy_ws/src/SSI-MPC/ros_mpc/nodes/gp_mpc_node.py", line 287, in __init__
    rate.sleep()
  File "/opt/ros/noetic/lib/python3/dist-packages/rospy/timer.py", line 103, in sleep
    sleep(self._remaining(curr_time))
  File "/opt/ros/noetic/lib/python3/dist-packages/rospy/timer.py", line 165, in sleep
    raise rospy.exceptions.ROSInterruptException("ROS shutdown request")
rospy.exceptions.ROSInterruptException: ROS shutdown request
... logging to /home/sxh/.ros/log/62ad7080-6259-11f1-8b61-ed52a31e366d/roslaunch-sxh-Legion-R9000P-ARX8-423975.log
Checking log directory for disk usage. This may take a while.
Press Ctrl-C to interrupt
Done checking log file disk usage. Usage is <1GB.
]2;/home/sxh/zyy_ws/src/paper_reproduction/launch/gp_mpc_repro.launch
[1mstarted roslaunch server http://sxh-Legion-R9000P-ARX8:35619/[0m

SUMMARY
========

PARAMETERS
 * /gp_mpc/mpc_wrapper/control_freq_factor: 5
 * /gp_mpc/mpc_wrapper/dataset_name: gazebo_dataset
 * /gp_mpc/mpc_wrapper/environment: gazebo
 * /gp_mpc/mpc_wrapper/model_name: gazebo_sim_gp
 * /gp_mpc/mpc_wrapper/model_type: gp
 * /gp_mpc/mpc_wrapper/model_version: e0d4afb
 * /gp_mpc/mpc_wrapper/n_nodes: 10
 * /gp_mpc/mpc_wrapper/overwrite: True
 * /gp_mpc/mpc_wrapper/plot: False
 * /gp_mpc/mpc_wrapper/quad_name: hummingbird
 * /gp_mpc/mpc_wrapper/record_raw_optitrack: False
 * /gp_mpc/mpc_wrapper/recording: False
 * /gp_mpc/mpc_wrapper/reset_experiment: True
 * /gp_mpc/mpc_wrapper/save_data: True
 * /gp_mpc/mpc_wrapper/t_horizon: 1
 * /gp_mpc/mpc_wrapper/training_split: True
 * /gp_mpc/mpc_wrapper/use_ekf_synchronization: False
 * /gp_mpc/mpc_wrapper/world_limits: None
 * /gp_mpc/ref_gen/control_freq_factor: 5
 * /gp_mpc/ref_gen/environment: gazebo
 * /gp_mpc/ref_gen/loop_clockwise: False
 * /gp_mpc/ref_gen/loop_lin_a: 0.25
 * /gp_mpc/ref_gen/loop_r: 7.5
 * /gp_mpc/ref_gen/loop_v_max: 5.0
 * /gp_mpc/ref_gen/loop_yawing: False
 * /gp_mpc/ref_gen/loop_z: 3.0
 * /gp_mpc/ref_gen/mode: wraped_lemniscate
 * /gp_mpc/ref_gen/n_nodes: 10
 * /gp_mpc/ref_gen/n_seeds: 1
 * /gp_mpc/ref_gen/plot: False
 * /gp_mpc/ref_gen/quad_name: hummingbird
 * /gp_mpc/ref_gen/t_horizon: 1
 * /gp_mpc/ref_gen/use_ekf_synchronization: False
 * /gp_mpc/ref_gen/world_limits: None
 * /rosdistro: noetic
 * /rosversion: 1.17.4

NODES
  /gp_mpc/
    mpc_wrapper (paper_reproduction/gp_mpc_repro_node.py)
    ref_gen (ros_mpc/reference_publisher_node.py)

[1mROS_MASTER_URI=http://localhost:11311[0m
]2;/home/sxh/zyy_ws/src/paper_reproduction/launch/gp_mpc_repro.launch http://localhost:11311
[1mprocess[gp_mpc/mpc_wrapper-1]: started with pid [424023][0m
[1mprocess[gp_mpc/ref_gen-2]: started with pid [424024][0m
[gp_mpc/ref_gen-2] killing on exit
[gp_mpc/mpc_wrapper-1] killing on exit
shutting down processing monitor...
... shutting down processing monitor complete
[1mdone[0m
