rm -f libacados_ocp_solver_hummingbird_domain_0.so
rm -f acados_solver_hummingbird_domain_0.o
cc -fPIC -std=c99   -O2 -I/home/sxh/acados/include -I/home/sxh/acados/include/acados -I/home/sxh/acados/include/blasfeo/include -I/home/sxh/acados/include/hpipm/include  -c -o acados_solver_hummingbird_domain_0.o acados_solver_hummingbird_domain_0.c
cc -fPIC -std=c99   -O2 -I/home/sxh/acados/include -I/home/sxh/acados/include/acados -I/home/sxh/acados/include/blasfeo/include -I/home/sxh/acados/include/hpipm/include  -c -o hummingbird_domain_0_model/hummingbird_domain_0_expl_ode_fun.o hummingbird_domain_0_model/hummingbird_domain_0_expl_ode_fun.c
cc -fPIC -std=c99   -O2 -I/home/sxh/acados/include -I/home/sxh/acados/include/acados -I/home/sxh/acados/include/blasfeo/include -I/home/sxh/acados/include/hpipm/include  -c -o hummingbird_domain_0_model/hummingbird_domain_0_expl_vde_forw.o hummingbird_domain_0_model/hummingbird_domain_0_expl_vde_forw.c
cc -fPIC -std=c99   -O2 -I/home/sxh/acados/include -I/home/sxh/acados/include/acados -I/home/sxh/acados/include/blasfeo/include -I/home/sxh/acados/include/hpipm/include  -c -o hummingbird_domain_0_model/hummingbird_domain_0_expl_vde_adj.o hummingbird_domain_0_model/hummingbird_domain_0_expl_vde_adj.c
cc -shared acados_solver_hummingbird_domain_0.o hummingbird_domain_0_model/hummingbird_domain_0_expl_ode_fun.o hummingbird_domain_0_model/hummingbird_domain_0_expl_vde_forw.o hummingbird_domain_0_model/hummingbird_domain_0_expl_vde_adj.o -o libacados_ocp_solver_hummingbird_domain_0.so -L/home/sxh/acados/lib -lacados -lhpipm -lblasfeo -lm  \
-L -l
[INFO] [1780841176.006197, 7011.920000]: Sending increasing speed wraped loop trajectory
Maximum yawrate before adaption: 0.283
Maximum yawrate after adaption: 0.002
/home/sxh/zyy_ws/src/SSI-MPC/ros_mpc/src/utils/visualization.py:553: UserWarning: Starting a Matplotlib GUI outside of the main thread will likely fail.
  fig, axes = plt.subplots(variants_dim, len(traj_type_vec), sharex='col', sharey='none',
[INFO] [1780841166.136425, 0.000000]: Physics running at 0.50 normal speed
[INFO] [1780841166.137587, 0.000000]: Attempting to load GP model from:
   git: e0d4afb
   name: gazebo_sim_gp
   meta: {'gazebo': 'default'}
[INFO] [1780841166.138546, 0.000000]: Successfully loaded GP model
field AcadosOcpDims.N has been migrated to AcadosOcpOptions.N_horizon. setting AcadosOcpOptions.N_horizon = N. For future comppatibility, please use AcadosOcpOptions.N_horizon directly.
External functions generated in 41.597 ms.
Templated solver code generated in 500.715 ms.
Build completed in 3075.402 ms.
acados was compiled without OpenMP.
[INFO] [1780841169.785868, 7008.800000]: Entering provisional hovering mode while to reference is available at: 
[INFO] [1780841169.787157, 7008.810000]: [-0.009629194645903798, -0.009920166975826707, 0.06000000007217425, -0.9997110106300188, 1.219113412552871e-13, 1.3288732123742643e-12, 0.02403945143106692, -0.00022130440164565661, -0.0001955641129082555, 0.003341540362704791, 0.00343286602654911, -0.0035274271414895315, 4.70286609571587e-09]
[INFO] [1780841176.045819, 7011.930000]: New trajectory received. Time duration: 43.98 s. Max velocity: 5.00 m/s. Max speed: 5.6244.
[INFO] [1780841176.066339, 7011.950000]: Abandoning provisional hovering mode.
[INFO] [1780841184.387780, 7016.110000]: Reached initial position of trajectory.
[INFO] [1780841280.008488, 7063.910000]: Tracking complete. Total RMSE: 0.08334 m. Max axial vel: 4.904. Mean optimization time: 2.341 ms
[INFO] [1780841280.048522, 7063.930000]: Entering provisional hovering mode while to reference is available at: 
[INFO] [1780841280.050359, 7063.930000]: [2.8004970630098502, -0.9674075255518868, 0.14275640141761414, -0.9992755158176712, -0.00019384027214438523, -2.0036894684038876e-05, -0.038057923114631936, -0.0015082921276266274, 0.0038676045346398963, -0.26721925629242366, -0.00029631806714719227, 0.0004978603686188051, 0.07889707475287477]
Traceback (most recent call last):
  File "/home/sxh/zyy_ws/devel/lib/paper_reproduction/gp_mpc_repro_node.py", line 15, in <module>
    exec(compile(fh.read(), python_script, 'exec'), context)
  File "/home/sxh/zyy_ws/src/paper_reproduction/scripts/gp_mpc_repro_node.py", line 125, in <module>
    main()
  File "/home/sxh/zyy_ws/src/paper_reproduction/scripts/gp_mpc_repro_node.py", line 111, in main
    GPMPCWrapper(
  File "/home/sxh/zyy_ws/src/paper_reproduction/scripts/gp_mpc_repro_node.py", line 43, in _gpmpc_init_save_to_benchmark
    _orig_gpmpc_init(self, *args, **kwargs)
  File "/home/sxh/zyy_ws/src/SSI-MPC/ros_mpc/nodes/gp_mpc_node.py", line 287, in __init__
    rate.sleep()
  File "/opt/ros/noetic/lib/python3/dist-packages/rospy/timer.py", line 103, in sleep
    sleep(self._remaining(curr_time))
  File "/opt/ros/noetic/lib/python3/dist-packages/rospy/timer.py", line 165, in sleep
    raise rospy.exceptions.ROSInterruptException("ROS shutdown request")
rospy.exceptions.ROSInterruptException: ROS shutdown request
QObject::killTimer: Timers cannot be stopped from another thread
... logging to /home/sxh/.ros/log/62ad7080-6259-11f1-8b61-ed52a31e366d/roslaunch-sxh-Legion-R9000P-ARX8-377430.log
Checking log directory for disk usage. This may take a while.
Press Ctrl-C to interrupt
Done checking log file disk usage. Usage is <1GB.
]2;/home/sxh/zyy_ws/src/paper_reproduction/launch/gp_mpc_repro.launch
[1mstarted roslaunch server http://sxh-Legion-R9000P-ARX8:39815/[0m

SUMMARY
========

PARAMETERS
 * /gp_mpc/mpc_wrapper/control_freq_factor: 5
 * /gp_mpc/mpc_wrapper/dataset_name: gazebo_dataset
 * /gp_mpc/mpc_wrapper/environment: gazebo
 * /gp_mpc/mpc_wrapper/model_name: gazebo_sim_gp
 * /gp_mpc/mpc_wrapper/model_type: gp
 * /gp_mpc/mpc_wrapper/model_version: e0d4afb
 * /gp_mpc/mpc_wrapper/n_nodes: 10
 * /gp_mpc/mpc_wrapper/overwrite: True
 * /gp_mpc/mpc_wrapper/plot: False
 * /gp_mpc/mpc_wrapper/quad_name: hummingbird
 * /gp_mpc/mpc_wrapper/record_raw_optitrack: False
 * /gp_mpc/mpc_wrapper/recording: False
 * /gp_mpc/mpc_wrapper/reset_experiment: True
 * /gp_mpc/mpc_wrapper/save_data: True
 * /gp_mpc/mpc_wrapper/t_horizon: 1
 * /gp_mpc/mpc_wrapper/training_split: True
 * /gp_mpc/mpc_wrapper/use_ekf_synchronization: False
 * /gp_mpc/mpc_wrapper/world_limits: None
 * /gp_mpc/ref_gen/control_freq_factor: 5
 * /gp_mpc/ref_gen/environment: gazebo
 * /gp_mpc/ref_gen/loop_clockwise: False
 * /gp_mpc/ref_gen/loop_lin_a: 0.25
 * /gp_mpc/ref_gen/loop_r: 4.5
 * /gp_mpc/ref_gen/loop_v_max: 5.0
 * /gp_mpc/ref_gen/loop_yawing: False
 * /gp_mpc/ref_gen/loop_z: 3.0
 * /gp_mpc/ref_gen/mode: wraped_loop
 * /gp_mpc/ref_gen/n_nodes: 10
 * /gp_mpc/ref_gen/n_seeds: 1
 * /gp_mpc/ref_gen/plot: False
 * /gp_mpc/ref_gen/quad_name: hummingbird
 * /gp_mpc/ref_gen/t_horizon: 1
 * /gp_mpc/ref_gen/use_ekf_synchronization: False
 * /gp_mpc/ref_gen/world_limits: None
 * /rosdistro: noetic
 * /rosversion: 1.17.4

NODES
  /gp_mpc/
    mpc_wrapper (paper_reproduction/gp_mpc_repro_node.py)
    ref_gen (ros_mpc/reference_publisher_node.py)

[1mROS_MASTER_URI=http://localhost:11311[0m
]2;/home/sxh/zyy_ws/src/paper_reproduction/launch/gp_mpc_repro.launch http://localhost:11311
[1mprocess[gp_mpc/mpc_wrapper-1]: started with pid [377478][0m
[1mprocess[gp_mpc/ref_gen-2]: started with pid [377479][0m
[gp_mpc/ref_gen-2] killing on exit
[gp_mpc/mpc_wrapper-1] killing on exit
shutting down processing monitor...
... shutting down processing monitor complete
[1mdone[0m
