rm -f libacados_ocp_solver_hummingbird_domain_0.so
rm -f acados_solver_hummingbird_domain_0.o
cc -fPIC -std=c99   -O2 -I/home/sxh/acados/include -I/home/sxh/acados/include/acados -I/home/sxh/acados/include/blasfeo/include -I/home/sxh/acados/include/hpipm/include  -c -o acados_solver_hummingbird_domain_0.o acados_solver_hummingbird_domain_0.c
cc -fPIC -std=c99   -O2 -I/home/sxh/acados/include -I/home/sxh/acados/include/acados -I/home/sxh/acados/include/blasfeo/include -I/home/sxh/acados/include/hpipm/include  -c -o hummingbird_domain_0_model/hummingbird_domain_0_expl_ode_fun.o hummingbird_domain_0_model/hummingbird_domain_0_expl_ode_fun.c
cc -fPIC -std=c99   -O2 -I/home/sxh/acados/include -I/home/sxh/acados/include/acados -I/home/sxh/acados/include/blasfeo/include -I/home/sxh/acados/include/hpipm/include  -c -o hummingbird_domain_0_model/hummingbird_domain_0_expl_vde_forw.o hummingbird_domain_0_model/hummingbird_domain_0_expl_vde_forw.c
cc -fPIC -std=c99   -O2 -I/home/sxh/acados/include -I/home/sxh/acados/include/acados -I/home/sxh/acados/include/blasfeo/include -I/home/sxh/acados/include/hpipm/include  -c -o hummingbird_domain_0_model/hummingbird_domain_0_expl_vde_adj.o hummingbird_domain_0_model/hummingbird_domain_0_expl_vde_adj.c
cc -shared acados_solver_hummingbird_domain_0.o hummingbird_domain_0_model/hummingbird_domain_0_expl_ode_fun.o hummingbird_domain_0_model/hummingbird_domain_0_expl_vde_forw.o hummingbird_domain_0_model/hummingbird_domain_0_expl_vde_adj.o -o libacados_ocp_solver_hummingbird_domain_0.so -L/home/sxh/acados/lib -lacados -lhpipm -lblasfeo -lm  \
-L -l
[INFO] [1780841480.869601, 7164.320000]: Sending increasing speed wraped loop trajectory
Maximum yawrate before adaption: 2.897
Maximum yawrate after adaption: 0.051
[INFO] [1780841470.965033, 0.000000]: Physics running at 0.50 normal speed
[INFO] [1780841470.967033, 0.000000]: Attempting to load GP model from:
   git: e0d4afb
   name: gazebo_sim_gp
   meta: {'gazebo': 'default'}
[INFO] [1780841470.968540, 7159.370000]: Successfully loaded GP model
field AcadosOcpDims.N has been migrated to AcadosOcpOptions.N_horizon. setting AcadosOcpOptions.N_horizon = N. For future comppatibility, please use AcadosOcpOptions.N_horizon directly.
External functions generated in 41.496 ms.
Templated solver code generated in 505.939 ms.
Build completed in 3018.967 ms.
acados was compiled without OpenMP.
[INFO] [1780841474.567860, 7161.170000]: Entering provisional hovering mode while to reference is available at: 
[INFO] [1780841474.569486, 7161.170000]: [-0.16891027113728102, -8.982310419768135, 0.059999999996417946, 0.9999374385033463, -2.5572814348857403e-17, 8.316689840197464e-19, 0.011185664010990722, -1.730799875042851e-18, -3.5637492201180316e-19, 3.5818847887725265e-12, 4.631650062701578e-19, -4.7665708920521796e-17, 5.807130865878297e-20]
[INFO] [1780841480.946184, 7164.350000]: New trajectory received. Time duration: 83.98 s. Max velocity: 10.00 m/s. Max speed: 11.2527.
[INFO] [1780841480.970037, 7164.370000]: Abandoning provisional hovering mode.
[INFO] [1780841524.738299, 7186.250000]: Reached initial position of trajectory.
[INFO] [1780841704.457809, 7276.090000]: Tracking complete. Total RMSE: 0.13532 m. Max axial vel: 9.702. Mean optimization time: 2.306 ms
[INFO] [1780841704.496595, 7276.110000]: Entering provisional hovering mode while to reference is available at: 
[INFO] [1780841704.497715, 7276.110000]: [3.5314761581888607, -1.672527051383021, 0.1416504141252609, 0.9999021583067893, 1.2820248573974424e-05, 3.755062551626808e-06, 0.013988339249715986, 0.00020337779851076709, -0.0005440481256352952, -0.2645588849337438, -0.000169101679014028, 0.0001788390801292636, -0.03057069267479602]
Traceback (most recent call last):
  File "/home/sxh/zyy_ws/src/SSI-MPC/ros_mpc/nodes/reference_publisher_node.py", line 236, in <module>
    ReferenceGenerator()
  File "/home/sxh/zyy_ws/src/SSI-MPC/ros_mpc/nodes/reference_publisher_node.py", line 223, in __init__
    rate.sleep()
  File "/opt/ros/noetic/lib/python3/dist-packages/rospy/timer.py", line 103, in sleep
    sleep(self._remaining(curr_time))
  File "/opt/ros/noetic/lib/python3/dist-packages/rospy/timer.py", line 165, in sleep
    raise rospy.exceptions.ROSInterruptException("ROS shutdown request")
rospy.exceptions.ROSInterruptException: ROS shutdown request
Traceback (most recent call last):
  File "/home/sxh/zyy_ws/devel/lib/paper_reproduction/gp_mpc_repro_node.py", line 15, in <module>
    exec(compile(fh.read(), python_script, 'exec'), context)
  File "/home/sxh/zyy_ws/src/paper_reproduction/scripts/gp_mpc_repro_node.py", line 125, in <module>
    main()
  File "/home/sxh/zyy_ws/src/paper_reproduction/scripts/gp_mpc_repro_node.py", line 111, in main
    GPMPCWrapper(
  File "/home/sxh/zyy_ws/src/paper_reproduction/scripts/gp_mpc_repro_node.py", line 43, in _gpmpc_init_save_to_benchmark
    _orig_gpmpc_init(self, *args, **kwargs)
  File "/home/sxh/zyy_ws/src/SSI-MPC/ros_mpc/nodes/gp_mpc_node.py", line 287, in __init__
    rate.sleep()
  File "/opt/ros/noetic/lib/python3/dist-packages/rospy/timer.py", line 103, in sleep
    sleep(self._remaining(curr_time))
  File "/opt/ros/noetic/lib/python3/dist-packages/rospy/timer.py", line 165, in sleep
    raise rospy.exceptions.ROSInterruptException("ROS shutdown request")
rospy.exceptions.ROSInterruptException: ROS shutdown request
... logging to /home/sxh/.ros/log/62ad7080-6259-11f1-8b61-ed52a31e366d/roslaunch-sxh-Legion-R9000P-ARX8-385521.log
Checking log directory for disk usage. This may take a while.
Press Ctrl-C to interrupt
Done checking log file disk usage. Usage is <1GB.
]2;/home/sxh/zyy_ws/src/paper_reproduction/launch/gp_mpc_repro.launch
[1mstarted roslaunch server http://sxh-Legion-R9000P-ARX8:45071/[0m

SUMMARY
========

PARAMETERS
 * /gp_mpc/mpc_wrapper/control_freq_factor: 5
 * /gp_mpc/mpc_wrapper/dataset_name: gazebo_dataset
 * /gp_mpc/mpc_wrapper/environment: gazebo
 * /gp_mpc/mpc_wrapper/model_name: gazebo_sim_gp
 * /gp_mpc/mpc_wrapper/model_type: gp
 * /gp_mpc/mpc_wrapper/model_version: e0d4afb
 * /gp_mpc/mpc_wrapper/n_nodes: 10
 * /gp_mpc/mpc_wrapper/overwrite: True
 * /gp_mpc/mpc_wrapper/plot: False
 * /gp_mpc/mpc_wrapper/quad_name: hummingbird
 * /gp_mpc/mpc_wrapper/record_raw_optitrack: False
 * /gp_mpc/mpc_wrapper/recording: False
 * /gp_mpc/mpc_wrapper/reset_experiment: True
 * /gp_mpc/mpc_wrapper/save_data: True
 * /gp_mpc/mpc_wrapper/t_horizon: 1
 * /gp_mpc/mpc_wrapper/training_split: True
 * /gp_mpc/mpc_wrapper/use_ekf_synchronization: False
 * /gp_mpc/mpc_wrapper/world_limits: None
 * /gp_mpc/ref_gen/control_freq_factor: 5
 * /gp_mpc/ref_gen/environment: gazebo
 * /gp_mpc/ref_gen/loop_clockwise: False
 * /gp_mpc/ref_gen/loop_lin_a: 0.25
 * /gp_mpc/ref_gen/loop_r: 4.5
 * /gp_mpc/ref_gen/loop_v_max: 10.0
 * /gp_mpc/ref_gen/loop_yawing: False
 * /gp_mpc/ref_gen/loop_z: 3.0
 * /gp_mpc/ref_gen/mode: wraped_loop
 * /gp_mpc/ref_gen/n_nodes: 10
 * /gp_mpc/ref_gen/n_seeds: 1
 * /gp_mpc/ref_gen/plot: False
 * /gp_mpc/ref_gen/quad_name: hummingbird
 * /gp_mpc/ref_gen/t_horizon: 1
 * /gp_mpc/ref_gen/use_ekf_synchronization: False
 * /gp_mpc/ref_gen/world_limits: None
 * /rosdistro: noetic
 * /rosversion: 1.17.4

NODES
  /gp_mpc/
    mpc_wrapper (paper_reproduction/gp_mpc_repro_node.py)
    ref_gen (ros_mpc/reference_publisher_node.py)

[1mROS_MASTER_URI=http://localhost:11311[0m
]2;/home/sxh/zyy_ws/src/paper_reproduction/launch/gp_mpc_repro.launch http://localhost:11311
[1mprocess[gp_mpc/mpc_wrapper-1]: started with pid [385569][0m
[1mprocess[gp_mpc/ref_gen-2]: started with pid [385570][0m
[gp_mpc/ref_gen-2] killing on exit
[gp_mpc/mpc_wrapper-1] killing on exit
shutting down processing monitor...
... shutting down processing monitor complete
[1mdone[0m
