rm -f libacados_ocp_solver_hummingbird_domain_0.so
rm -f acados_solver_hummingbird_domain_0.o
cc -fPIC -std=c99   -O2 -I/home/sxh/acados/include -I/home/sxh/acados/include/acados -I/home/sxh/acados/include/blasfeo/include -I/home/sxh/acados/include/hpipm/include  -c -o acados_solver_hummingbird_domain_0.o acados_solver_hummingbird_domain_0.c
cc -fPIC -std=c99   -O2 -I/home/sxh/acados/include -I/home/sxh/acados/include/acados -I/home/sxh/acados/include/blasfeo/include -I/home/sxh/acados/include/hpipm/include  -c -o hummingbird_domain_0_model/hummingbird_domain_0_expl_ode_fun.o hummingbird_domain_0_model/hummingbird_domain_0_expl_ode_fun.c
cc -fPIC -std=c99   -O2 -I/home/sxh/acados/include -I/home/sxh/acados/include/acados -I/home/sxh/acados/include/blasfeo/include -I/home/sxh/acados/include/hpipm/include  -c -o hummingbird_domain_0_model/hummingbird_domain_0_expl_vde_forw.o hummingbird_domain_0_model/hummingbird_domain_0_expl_vde_forw.c
cc -fPIC -std=c99   -O2 -I/home/sxh/acados/include -I/home/sxh/acados/include/acados -I/home/sxh/acados/include/blasfeo/include -I/home/sxh/acados/include/hpipm/include  -c -o hummingbird_domain_0_model/hummingbird_domain_0_expl_vde_adj.o hummingbird_domain_0_model/hummingbird_domain_0_expl_vde_adj.c
cc -shared acados_solver_hummingbird_domain_0.o hummingbird_domain_0_model/hummingbird_domain_0_expl_ode_fun.o hummingbird_domain_0_model/hummingbird_domain_0_expl_vde_forw.o hummingbird_domain_0_model/hummingbird_domain_0_expl_vde_adj.o -o libacados_ocp_solver_hummingbird_domain_0.so -L/home/sxh/acados/lib -lacados -lhpipm -lblasfeo -lm  \
-L -l
[INFO] [1780842382.818254, 7615.200000]: Sending increasing speed lemniscate trajectory
Maximum yawrate before adaption: 2.212
Maximum yawrate after adaption: 0.060
[INFO] [1780842372.979562, 0.000000]: Physics running at 0.50 normal speed
[INFO] [1780842372.981937, 0.000000]: Attempting to load GP model from:
   git: e0d4afb
   name: gazebo_sim_gp
   meta: {'gazebo': 'default'}
[INFO] [1780842372.984163, 0.000000]: Successfully loaded GP model
field AcadosOcpDims.N has been migrated to AcadosOcpOptions.N_horizon. setting AcadosOcpOptions.N_horizon = N. For future comppatibility, please use AcadosOcpOptions.N_horizon directly.
External functions generated in 41.338 ms.
Templated solver code generated in 513.110 ms.
Build completed in 3059.387 ms.
acados was compiled without OpenMP.
[INFO] [1780842376.636679, 7612.110000]: Entering provisional hovering mode while to reference is available at: 
[INFO] [1780842376.637582, 7612.110000]: [-0.019807625736285167, 0.06810634438648475, 0.06323552748136838, 0.9988049693757817, 0.03381768157739023, 0.001230708576923306, 0.03526305317712843, 3.3375693733158455e-05, -0.00549923338043001, -0.0016154743294927987, -0.015348173574340832, 0.006932348117535667, -0.006321581282101189]
[INFO] [1780842382.899878, 7615.240000]: New trajectory received. Time duration: 83.98 s. Max velocity: 10.00 m/s. Max speed: 14.1083.
[INFO] [1780842382.918628, 7615.250000]: Abandoning provisional hovering mode.
[INFO] [1780842396.480400, 7622.030000]: Reached initial position of trajectory.
[INFO] [1780842573.197191, 7710.370000]: Tracking complete. Total RMSE: 0.12282 m. Max axial vel: 9.822. Mean optimization time: 2.254 ms
[INFO] [1780842573.236209, 7710.390000]: Entering provisional hovering mode while to reference is available at: 
[INFO] [1780842573.237640, 7710.390000]: [-1.0089044485019611, -3.271210081972165, 0.1443881603513991, 0.9999994088143715, 4.193350851871504e-06, -6.828722434793221e-07, 0.0010873605000459511, -7.076454329329736e-05, -5.3122111927011464e-06, -0.27097621993178556, -9.618734436535942e-05, 0.0002066705275520084, -0.000380879121722673]
Traceback (most recent call last):
  File "/home/sxh/zyy_ws/src/SSI-MPC/ros_mpc/nodes/reference_publisher_node.py", line 236, in <module>
    ReferenceGenerator()
  File "/home/sxh/zyy_ws/src/SSI-MPC/ros_mpc/nodes/reference_publisher_node.py", line 223, in __init__
    rate.sleep()
  File "/opt/ros/noetic/lib/python3/dist-packages/rospy/timer.py", line 103, in sleep
    sleep(self._remaining(curr_time))
  File "/opt/ros/noetic/lib/python3/dist-packages/rospy/timer.py", line 165, in sleep
    raise rospy.exceptions.ROSInterruptException("ROS shutdown request")
rospy.exceptions.ROSInterruptException: ROS shutdown request
Traceback (most recent call last):
  File "/home/sxh/zyy_ws/devel/lib/paper_reproduction/gp_mpc_repro_node.py", line 15, in <module>
    exec(compile(fh.read(), python_script, 'exec'), context)
  File "/home/sxh/zyy_ws/src/paper_reproduction/scripts/gp_mpc_repro_node.py", line 125, in <module>
    main()
  File "/home/sxh/zyy_ws/src/paper_reproduction/scripts/gp_mpc_repro_node.py", line 111, in main
    GPMPCWrapper(
  File "/home/sxh/zyy_ws/src/paper_reproduction/scripts/gp_mpc_repro_node.py", line 43, in _gpmpc_init_save_to_benchmark
    _orig_gpmpc_init(self, *args, **kwargs)
  File "/home/sxh/zyy_ws/src/SSI-MPC/ros_mpc/nodes/gp_mpc_node.py", line 287, in __init__
    rate.sleep()
  File "/opt/ros/noetic/lib/python3/dist-packages/rospy/timer.py", line 103, in sleep
    sleep(self._remaining(curr_time))
  File "/opt/ros/noetic/lib/python3/dist-packages/rospy/timer.py", line 165, in sleep
    raise rospy.exceptions.ROSInterruptException("ROS shutdown request")
rospy.exceptions.ROSInterruptException: ROS shutdown request
... logging to /home/sxh/.ros/log/62ad7080-6259-11f1-8b61-ed52a31e366d/roslaunch-sxh-Legion-R9000P-ARX8-409339.log
Checking log directory for disk usage. This may take a while.
Press Ctrl-C to interrupt
Done checking log file disk usage. Usage is <1GB.
]2;/home/sxh/zyy_ws/src/paper_reproduction/launch/gp_mpc_repro.launch
[1mstarted roslaunch server http://sxh-Legion-R9000P-ARX8:38827/[0m

SUMMARY
========

PARAMETERS
 * /gp_mpc/mpc_wrapper/control_freq_factor: 5
 * /gp_mpc/mpc_wrapper/dataset_name: gazebo_dataset
 * /gp_mpc/mpc_wrapper/environment: gazebo
 * /gp_mpc/mpc_wrapper/model_name: gazebo_sim_gp
 * /gp_mpc/mpc_wrapper/model_type: gp
 * /gp_mpc/mpc_wrapper/model_version: e0d4afb
 * /gp_mpc/mpc_wrapper/n_nodes: 10
 * /gp_mpc/mpc_wrapper/overwrite: True
 * /gp_mpc/mpc_wrapper/plot: False
 * /gp_mpc/mpc_wrapper/quad_name: hummingbird
 * /gp_mpc/mpc_wrapper/record_raw_optitrack: False
 * /gp_mpc/mpc_wrapper/recording: False
 * /gp_mpc/mpc_wrapper/reset_experiment: True
 * /gp_mpc/mpc_wrapper/save_data: True
 * /gp_mpc/mpc_wrapper/t_horizon: 1
 * /gp_mpc/mpc_wrapper/training_split: True
 * /gp_mpc/mpc_wrapper/use_ekf_synchronization: False
 * /gp_mpc/mpc_wrapper/world_limits: None
 * /gp_mpc/ref_gen/control_freq_factor: 5
 * /gp_mpc/ref_gen/environment: gazebo
 * /gp_mpc/ref_gen/loop_clockwise: False
 * /gp_mpc/ref_gen/loop_lin_a: 0.25
 * /gp_mpc/ref_gen/loop_r: 7.5
 * /gp_mpc/ref_gen/loop_v_max: 10.0
 * /gp_mpc/ref_gen/loop_yawing: False
 * /gp_mpc/ref_gen/loop_z: 2.5
 * /gp_mpc/ref_gen/mode: lemniscate
 * /gp_mpc/ref_gen/n_nodes: 10
 * /gp_mpc/ref_gen/n_seeds: 1
 * /gp_mpc/ref_gen/plot: False
 * /gp_mpc/ref_gen/quad_name: hummingbird
 * /gp_mpc/ref_gen/t_horizon: 1
 * /gp_mpc/ref_gen/use_ekf_synchronization: False
 * /gp_mpc/ref_gen/world_limits: None
 * /rosdistro: noetic
 * /rosversion: 1.17.4

NODES
  /gp_mpc/
    mpc_wrapper (paper_reproduction/gp_mpc_repro_node.py)
    ref_gen (ros_mpc/reference_publisher_node.py)

[1mROS_MASTER_URI=http://localhost:11311[0m
]2;/home/sxh/zyy_ws/src/paper_reproduction/launch/gp_mpc_repro.launch http://localhost:11311
[1mprocess[gp_mpc/mpc_wrapper-1]: started with pid [409387][0m
[1mprocess[gp_mpc/ref_gen-2]: started with pid [409388][0m
[gp_mpc/ref_gen-2] killing on exit
[gp_mpc/mpc_wrapper-1] killing on exit
shutting down processing monitor...
... shutting down processing monitor complete
[1mdone[0m
