rm -f libacados_ocp_solver_hummingbird.so
rm -f acados_solver_hummingbird.o
cc -fPIC -std=c99   -O2 -I/home/sxh/acados/include -I/home/sxh/acados/include/acados -I/home/sxh/acados/include/blasfeo/include -I/home/sxh/acados/include/hpipm/include  -c -o acados_solver_hummingbird.o acados_solver_hummingbird.c
cc -fPIC -std=c99   -O2 -I/home/sxh/acados/include -I/home/sxh/acados/include/acados -I/home/sxh/acados/include/blasfeo/include -I/home/sxh/acados/include/hpipm/include  -c -o hummingbird_model/hummingbird_expl_ode_fun.o hummingbird_model/hummingbird_expl_ode_fun.c
cc -fPIC -std=c99   -O2 -I/home/sxh/acados/include -I/home/sxh/acados/include/acados -I/home/sxh/acados/include/blasfeo/include -I/home/sxh/acados/include/hpipm/include  -c -o hummingbird_model/hummingbird_expl_vde_forw.o hummingbird_model/hummingbird_expl_vde_forw.c
cc -fPIC -std=c99   -O2 -I/home/sxh/acados/include -I/home/sxh/acados/include/acados -I/home/sxh/acados/include/blasfeo/include -I/home/sxh/acados/include/hpipm/include  -c -o hummingbird_model/hummingbird_expl_vde_adj.o hummingbird_model/hummingbird_expl_vde_adj.c
cc -shared acados_solver_hummingbird.o hummingbird_model/hummingbird_expl_ode_fun.o hummingbird_model/hummingbird_expl_vde_forw.o hummingbird_model/hummingbird_expl_vde_adj.o -o libacados_ocp_solver_hummingbird.so -L/home/sxh/acados/lib -lacados -lhpipm -lblasfeo -lm  \
-L -l
[INFO] [1780832900.379726, 2874.960000]: Sending increasing speed wraped lemniscate trajectory
Maximum yawrate before adaption: 0.835
Maximum yawrate after adaption: 0.036
Traceback (most recent call last):
  File "/home/sxh/zyy_ws/src/SSI-MPC/ros_mpc/nodes/reference_publisher_node.py", line 236, in <module>
    ReferenceGenerator()
  File "/home/sxh/zyy_ws/src/SSI-MPC/ros_mpc/nodes/reference_publisher_node.py", line 223, in __init__
    rate.sleep()
  File "/opt/ros/noetic/lib/python3/dist-packages/rospy/timer.py", line 103, in sleep
    sleep(self._remaining(curr_time))
  File "/opt/ros/noetic/lib/python3/dist-packages/rospy/timer.py", line 165, in sleep
    raise rospy.exceptions.ROSInterruptException("ROS shutdown request")
rospy.exceptions.ROSInterruptException: ROS shutdown request
[INFO] [1780832890.503276, 0.000000]: Physics running at 0.50 normal speed
[INFO] [1780832890.505135, 0.000000]: Not using random features.
field AcadosOcpDims.N has been migrated to AcadosOcpOptions.N_horizon. setting AcadosOcpOptions.N_horizon = N. For future comppatibility, please use AcadosOcpOptions.N_horizon directly.
External functions generated in 17.675 ms.
Templated solver code generated in 514.380 ms.
Build completed in 786.403 ms.
acados was compiled without OpenMP.
[INFO] [1780832891.857374, 2870.700000]: Entering provisional hovering mode while to reference is available at: 
[INFO] [1780832891.857941, 2870.700000]: [-11.379547780105266, -3.320544340093275, 0.059999999996417946, 0.9999999840902849, -1.634093806554159e-16, -2.934360206868007e-18, 0.00017838001564661018, -3.964789343385202e-18, -4.998759215180817e-18, 3.581878682545892e-12, 8.328907364529766e-17, -1.0998958915777655e-16, -1.0842021724855824e-18]
[INFO] [1780832900.452050, 2874.990000]: New trajectory received. Time duration: 63.98 s. Max velocity: 7.50 m/s. Max speed: 10.9957. Max input: 1.0519.
[INFO] [1780832900.459534, 2875.000000]: Abandoning provisional hovering mode.
[INFO] [1780832961.232752, 2905.380000]: Reached initial position of trajectory.
[INFO] [1780833105.383887, 2977.440000]: Tracking complete. Total RMSE: 0.17684 m. Max axial vel: 7.281. Max speed: 10.878. Mean optimization time: 1.085 ms
[INFO] [1780833105.422822, 2977.460000]: Entering provisional hovering mode while to reference is available at: 
[INFO] [1780833105.423668, 2977.460000]: [-1.3027783115512122, 3.490188061301598, 0.14586985809974073, 0.9999999999913072, 5.091993635663729e-09, 2.0326510151933006e-09, 4.169643260238233e-06, -1.6089397537240663e-09, -5.09258228632797e-09, -0.16119198177850708, -1.1519254271287954e-08, -4.099288470363309e-08, 1.8285235696450349e-06]
Traceback (most recent call last):
  File "/home/sxh/zyy_ws/src/SSI-MPC/ros_mpc/nodes/mpc_node.py", line 907, in <module>
    main()
  File "/home/sxh/zyy_ws/src/SSI-MPC/ros_mpc/nodes/mpc_node.py", line 903, in main
    MPCWrapper(quad_name, env, recording_options, plot=plot, reset_experiment=reset, save_data=save_data)
  File "/home/sxh/zyy_ws/src/SSI-MPC/ros_mpc/nodes/mpc_node.py", line 241, in __init__
    rate.sleep()
  File "/opt/ros/noetic/lib/python3/dist-packages/rospy/timer.py", line 103, in sleep
    sleep(self._remaining(curr_time))
  File "/opt/ros/noetic/lib/python3/dist-packages/rospy/timer.py", line 165, in sleep
    raise rospy.exceptions.ROSInterruptException("ROS shutdown request")
rospy.exceptions.ROSInterruptException: ROS shutdown request
... logging to /home/sxh/.ros/log/62ad7080-6259-11f1-8b61-ed52a31e366d/roslaunch-sxh-Legion-R9000P-ARX8-207260.log
Checking log directory for disk usage. This may take a while.
Press Ctrl-C to interrupt
Done checking log file disk usage. Usage is <1GB.
]2;/home/sxh/zyy_ws/src/paper_reproduction/launch/mpc_repro.launch
[1mstarted roslaunch server http://sxh-Legion-R9000P-ARX8:42063/[0m

SUMMARY
========

PARAMETERS
 * /mpc_wrapper/control_freq_factor: 5
 * /mpc_wrapper/environment: gazebo
 * /mpc_wrapper/heuristic: False
 * /mpc_wrapper/kernel: Gaussian
 * /mpc_wrapper/kernel_std: 0.01
 * /mpc_wrapper/lr: 0.25
 * /mpc_wrapper/n_nodes: 10
 * /mpc_wrapper/n_rf: 0
 * /mpc_wrapper/overwrite: True
 * /mpc_wrapper/plot: False
 * /mpc_wrapper/quad_name: hummingbird
 * /mpc_wrapper/recording: False
 * /mpc_wrapper/reset_experiment: True
 * /mpc_wrapper/save_data: True
 * /mpc_wrapper/t_horizon: 1
 * /mpc_wrapper/use_ekf_synchronization: False
 * /mpc_wrapper/world_limits: None
 * /ref_gen/control_freq_factor: 5
 * /ref_gen/environment: gazebo
 * /ref_gen/loop_clockwise: False
 * /ref_gen/loop_lin_a: 0.25
 * /ref_gen/loop_r: 7.5
 * /ref_gen/loop_v_max: 7.5
 * /ref_gen/loop_yawing: False
 * /ref_gen/loop_z: 3.0
 * /ref_gen/mode: wraped_lemniscate
 * /ref_gen/n_nodes: 10
 * /ref_gen/n_seeds: 1
 * /ref_gen/plot: False
 * /ref_gen/quad_name: hummingbird
 * /ref_gen/t_horizon: 1
 * /ref_gen/use_ekf_synchronization: False
 * /ref_gen/world_limits: None
 * /rosdistro: noetic
 * /rosversion: 1.17.4

NODES
  /
    mpc_wrapper (ros_mpc/mpc_node.py)
    ref_gen (ros_mpc/reference_publisher_node.py)

[1mROS_MASTER_URI=http://localhost:11311[0m
]2;/home/sxh/zyy_ws/src/paper_reproduction/launch/mpc_repro.launch http://localhost:11311
[1mprocess[mpc_wrapper-1]: started with pid [207308][0m
[1mprocess[ref_gen-2]: started with pid [207309][0m
[ref_gen-2] killing on exit
[mpc_wrapper-1] killing on exit
shutting down processing monitor...
... shutting down processing monitor complete
[1mdone[0m
