rm -f libacados_ocp_solver_hummingbird.so
rm -f acados_solver_hummingbird.o
cc -fPIC -std=c99   -O2 -I/home/sxh/acados/include -I/home/sxh/acados/include/acados -I/home/sxh/acados/include/blasfeo/include -I/home/sxh/acados/include/hpipm/include  -c -o acados_solver_hummingbird.o acados_solver_hummingbird.c
cc -fPIC -std=c99   -O2 -I/home/sxh/acados/include -I/home/sxh/acados/include/acados -I/home/sxh/acados/include/blasfeo/include -I/home/sxh/acados/include/hpipm/include  -c -o hummingbird_model/hummingbird_expl_ode_fun.o hummingbird_model/hummingbird_expl_ode_fun.c
cc -fPIC -std=c99   -O2 -I/home/sxh/acados/include -I/home/sxh/acados/include/acados -I/home/sxh/acados/include/blasfeo/include -I/home/sxh/acados/include/hpipm/include  -c -o hummingbird_model/hummingbird_expl_vde_forw.o hummingbird_model/hummingbird_expl_vde_forw.c
cc -fPIC -std=c99   -O2 -I/home/sxh/acados/include -I/home/sxh/acados/include/acados -I/home/sxh/acados/include/blasfeo/include -I/home/sxh/acados/include/hpipm/include  -c -o hummingbird_model/hummingbird_expl_vde_adj.o hummingbird_model/hummingbird_expl_vde_adj.c
cc -shared acados_solver_hummingbird.o hummingbird_model/hummingbird_expl_ode_fun.o hummingbird_model/hummingbird_expl_vde_forw.o hummingbird_model/hummingbird_expl_vde_adj.o -o libacados_ocp_solver_hummingbird.so -L/home/sxh/acados/lib -lacados -lhpipm -lblasfeo -lm  \
-L -l
Maximum yawrate before adaption: 0.000
Maximum yawrate after adaption: 0.000
[INFO] [1780926302.758142, 737.080000]: Letter 'zyy' ready: 4050 samples, duration 81.0s, v_max=10.0
[INFO] [1780926306.156614, 738.780000]: Publishing letter trajectory: letter_zyy
[INFO] [1780926524.201765, 847.780000]: Letter trajectory complete.
[WARN] [1780926501.800256, 836.580000]: Recording time skipped messages: 1
[INFO] [1780926302.762520, 0.000000]: Physics running at 0.50 normal speed
[INFO] [1780926302.766878, 0.000000]: Not using random features.
field AcadosOcpDims.N has been migrated to AcadosOcpOptions.N_horizon. setting AcadosOcpOptions.N_horizon = N. For future comppatibility, please use AcadosOcpOptions.N_horizon directly.
External functions generated in 21.738 ms.
Templated solver code generated in 515.094 ms.
Build completed in 772.800 ms.
acados was compiled without OpenMP.
[INFO] [1780926304.115977, 737.760000]: Entering provisional hovering mode while to reference is available at: 
[INFO] [1780926304.117165, 737.760000]: [-3.591177282299326, -8.478625887495518, 0.059999999996417946, 0.9999963526592495, -8.423060937796237e-17, 1.8066604668458588e-19, 0.0027008643427633154, -1.7757954461991777e-14, -7.104592941129523e-14, 3.5819042176754578e-12, -1.3833521636468923e-16, 1.1390431256328087e-16, -1.744855774242375e-17]
[INFO] [1780926306.162446, 738.780000]: New trajectory received. Time duration: 80.98 s. Max velocity: 10.00 m/s. Max speed: 1.0403. Max input: 0.3260.
[INFO] [1780926306.197095, 738.800000]: Abandoning provisional hovering mode.
[INFO] [1780926351.405946, 761.400000]: Reached initial position of trajectory.
[INFO] [1780926523.403266, 847.380000]: Tracking complete. Total RMSE: 0.02232 m. Max axial vel: 0.885. Max speed: 0.926. Mean optimization time: 1.007 ms
[INFO] [1780926523.442144, 847.400000]: Entering provisional hovering mode while to reference is available at: 
[INFO] [1780926523.443468, 847.400000]: [9.484863088710073, -0.9207288210202611, 0.14576357185677816, 0.9999999894105455, 2.183795290033236e-07, -1.3433181900969456e-08, 0.00014552958838773622, 2.477886027947974e-07, 1.6171045774631772e-06, -0.16087731702269217, -1.5686515062952994e-06, 1.7613818855311226e-07, -1.3795701497908408e-05]
[INFO] [1780926524.203181, 847.780000]: No more references will be received
Traceback (most recent call last):
  File "/home/sxh/zyy_ws/src/SSI-MPC/ros_mpc/nodes/mpc_node.py", line 907, in <module>
    main()
  File "/home/sxh/zyy_ws/src/SSI-MPC/ros_mpc/nodes/mpc_node.py", line 903, in main
    MPCWrapper(quad_name, env, recording_options, plot=plot, reset_experiment=reset, save_data=save_data)
  File "/home/sxh/zyy_ws/src/SSI-MPC/ros_mpc/nodes/mpc_node.py", line 241, in __init__
    rate.sleep()
  File "/opt/ros/noetic/lib/python3/dist-packages/rospy/timer.py", line 103, in sleep
    sleep(self._remaining(curr_time))
  File "/opt/ros/noetic/lib/python3/dist-packages/rospy/timer.py", line 165, in sleep
    raise rospy.exceptions.ROSInterruptException("ROS shutdown request")
rospy.exceptions.ROSInterruptException: ROS shutdown request
... logging to /home/sxh/.ros/log/cfc28064-633c-11f1-b69b-93ba2d23f00f/roslaunch-sxh-Legion-R9000P-ARX8-44654.log
Checking log directory for disk usage. This may take a while.
Press Ctrl-C to interrupt
Done checking log file disk usage. Usage is <1GB.
]2;/home/sxh/zyy_ws/src/paper_reproduction/launch/mpc_letter_repro.launch
[1mstarted roslaunch server http://sxh-Legion-R9000P-ARX8:44727/[0m

SUMMARY
========

PARAMETERS
 * /mpc_wrapper/control_freq_factor: 5
 * /mpc_wrapper/environment: gazebo
 * /mpc_wrapper/heuristic: False
 * /mpc_wrapper/kernel: Gaussian
 * /mpc_wrapper/kernel_std: 0.01
 * /mpc_wrapper/lr: 0.25
 * /mpc_wrapper/n_nodes: 10
 * /mpc_wrapper/n_rf: 0
 * /mpc_wrapper/overwrite: True
 * /mpc_wrapper/plot: False
 * /mpc_wrapper/quad_name: hummingbird
 * /mpc_wrapper/recording: False
 * /mpc_wrapper/reset_experiment: True
 * /mpc_wrapper/save_data: True
 * /mpc_wrapper/t_horizon: 1
 * /mpc_wrapper/use_ekf_synchronization: False
 * /mpc_wrapper/world_limits: None
 * /ref_gen/letter: zyy
 * /ref_gen/letter_center_x: 5.0
 * /ref_gen/letter_center_y: 0.0
 * /ref_gen/letter_scale: 1.0
 * /ref_gen/loop_lin_a: 0.25
 * /ref_gen/loop_v_max: 10.0
 * /ref_gen/loop_z: 2.5
 * /ref_gen/n_nodes: 10
 * /ref_gen/plot: False
 * /ref_gen/t_horizon: 1
 * /rosdistro: noetic
 * /rosversion: 1.17.4

NODES
  /
    mpc_wrapper (ros_mpc/mpc_node.py)
    ref_gen (paper_reproduction/letter_ref_publisher_node.py)

[1mROS_MASTER_URI=http://localhost:11311[0m
]2;/home/sxh/zyy_ws/src/paper_reproduction/launch/mpc_letter_repro.launch http://localhost:11311
[1mprocess[mpc_wrapper-1]: started with pid [44702][0m
[1mprocess[ref_gen-2]: started with pid [44703][0m
[1m[ref_gen-2] process has finished cleanly
log file: /home/sxh/.ros/log/cfc28064-633c-11f1-b69b-93ba2d23f00f/ref_gen-2*.log[0m
[mpc_wrapper-1] killing on exit
shutting down processing monitor...
... shutting down processing monitor complete
[1mdone[0m
