rm -f libacados_ocp_solver_hummingbird.so
rm -f acados_solver_hummingbird.o
cc -fPIC -std=c99   -O2 -I/home/sxh/acados/include -I/home/sxh/acados/include/acados -I/home/sxh/acados/include/blasfeo/include -I/home/sxh/acados/include/hpipm/include  -c -o acados_solver_hummingbird.o acados_solver_hummingbird.c
cc -fPIC -std=c99   -O2 -I/home/sxh/acados/include -I/home/sxh/acados/include/acados -I/home/sxh/acados/include/blasfeo/include -I/home/sxh/acados/include/hpipm/include  -c -o hummingbird_model/hummingbird_expl_ode_fun.o hummingbird_model/hummingbird_expl_ode_fun.c
cc -fPIC -std=c99   -O2 -I/home/sxh/acados/include -I/home/sxh/acados/include/acados -I/home/sxh/acados/include/blasfeo/include -I/home/sxh/acados/include/hpipm/include  -c -o hummingbird_model/hummingbird_expl_vde_forw.o hummingbird_model/hummingbird_expl_vde_forw.c
cc -fPIC -std=c99   -O2 -I/home/sxh/acados/include -I/home/sxh/acados/include/acados -I/home/sxh/acados/include/blasfeo/include -I/home/sxh/acados/include/hpipm/include  -c -o hummingbird_model/hummingbird_expl_vde_adj.o hummingbird_model/hummingbird_expl_vde_adj.c
cc -shared acados_solver_hummingbird.o hummingbird_model/hummingbird_expl_ode_fun.o hummingbird_model/hummingbird_expl_vde_forw.o hummingbird_model/hummingbird_expl_vde_adj.o -o libacados_ocp_solver_hummingbird.so -L/home/sxh/acados/lib -lacados -lhpipm -lblasfeo -lm  \
-L -l
[INFO] [1780828086.523557, 468.530000]: Sending increasing speed loop trajectory
Maximum yawrate before adaption: 1.772
Maximum yawrate after adaption: 0.001
Traceback (most recent call last):
  File "/home/sxh/zyy_ws/src/SSI-MPC/ros_mpc/nodes/reference_publisher_node.py", line 236, in <module>
    ReferenceGenerator()
  File "/home/sxh/zyy_ws/src/SSI-MPC/ros_mpc/nodes/reference_publisher_node.py", line 223, in __init__
    rate.sleep()
  File "/opt/ros/noetic/lib/python3/dist-packages/rospy/timer.py", line 103, in sleep
    sleep(self._remaining(curr_time))
  File "/opt/ros/noetic/lib/python3/dist-packages/rospy/timer.py", line 165, in sleep
    raise rospy.exceptions.ROSInterruptException("ROS shutdown request")
rospy.exceptions.ROSInterruptException: ROS shutdown request
[WARN] [1780828245.660011, 548.080000]: Recording time skipped messages: 1
[INFO] [1780828076.670802, 0.000000]: Physics running at 0.50 normal speed
[INFO] [1780828076.674048, 0.000000]: Not using random features.
field AcadosOcpDims.N has been migrated to AcadosOcpOptions.N_horizon. setting AcadosOcpOptions.N_horizon = N. For future comppatibility, please use AcadosOcpOptions.N_horizon directly.
External functions generated in 17.740 ms.
Templated solver code generated in 498.175 ms.
Build completed in 796.416 ms.
acados was compiled without OpenMP.
[INFO] [1780828078.022405, 464.280000]: Entering provisional hovering mode while to reference is available at: 
[INFO] [1780828078.023453, 464.280000]: [0.01436420578159556, 0.5537538070003576, 1.159199051515664, 0.9937704986836838, 0.09942239471996853, -0.013118020696164743, 0.04861379338360631, 0.00502172166457237, -1.8472658666961472, 0.08369531465993607, -0.0618693429543127, 0.09458799482601987, 0.012963808089372605]
[INFO] [1780828086.619664, 468.570000]: New trajectory received. Time duration: 103.98 s. Max velocity: 12.50 m/s. Max speed: 12.5683. Max input: 0.9925.
[INFO] [1780828086.623782, 468.580000]: Abandoning provisional hovering mode.
[INFO] [1780828092.745676, 471.640000]: Reached initial position of trajectory.
[INFO] [1780828310.793313, 580.640000]: Tracking complete. Total RMSE: 0.25919 m. Max axial vel: 11.463. Max speed: 11.479. Mean optimization time: 1.005 ms
[INFO] [1780828310.831226, 580.660000]: Entering provisional hovering mode while to reference is available at: 
[INFO] [1780828310.832366, 580.660000]: [4.688235435084388, -6.736937598291336, 0.14388079355744512, -0.9991301648231288, 1.38070004771997e-09, -1.8871857646557564e-09, -0.041700284657392485, -1.0886926887502426e-08, -5.7350596668948296e-09, -0.15524090692686573, -3.4385388635814736e-09, -2.987176432088035e-08, -0.03940067092306456]
Traceback (most recent call last):
  File "/home/sxh/zyy_ws/src/SSI-MPC/ros_mpc/nodes/mpc_node.py", line 907, in <module>
    main()
  File "/home/sxh/zyy_ws/src/SSI-MPC/ros_mpc/nodes/mpc_node.py", line 903, in main
    MPCWrapper(quad_name, env, recording_options, plot=plot, reset_experiment=reset, save_data=save_data)
  File "/home/sxh/zyy_ws/src/SSI-MPC/ros_mpc/nodes/mpc_node.py", line 241, in __init__
    rate.sleep()
  File "/opt/ros/noetic/lib/python3/dist-packages/rospy/timer.py", line 103, in sleep
    sleep(self._remaining(curr_time))
  File "/opt/ros/noetic/lib/python3/dist-packages/rospy/timer.py", line 165, in sleep
    raise rospy.exceptions.ROSInterruptException("ROS shutdown request")
rospy.exceptions.ROSInterruptException: ROS shutdown request
... logging to /home/sxh/.ros/log/62ad7080-6259-11f1-8b61-ed52a31e366d/roslaunch-sxh-Legion-R9000P-ARX8-134484.log
Checking log directory for disk usage. This may take a while.
Press Ctrl-C to interrupt
Done checking log file disk usage. Usage is <1GB.
]2;/home/sxh/zyy_ws/src/paper_reproduction/launch/mpc_repro.launch
[1mstarted roslaunch server http://sxh-Legion-R9000P-ARX8:41643/[0m

SUMMARY
========

PARAMETERS
 * /mpc_wrapper/control_freq_factor: 5
 * /mpc_wrapper/environment: gazebo
 * /mpc_wrapper/heuristic: False
 * /mpc_wrapper/kernel: Gaussian
 * /mpc_wrapper/kernel_std: 0.01
 * /mpc_wrapper/lr: 0.25
 * /mpc_wrapper/n_nodes: 10
 * /mpc_wrapper/n_rf: 0
 * /mpc_wrapper/overwrite: True
 * /mpc_wrapper/plot: False
 * /mpc_wrapper/quad_name: hummingbird
 * /mpc_wrapper/recording: False
 * /mpc_wrapper/reset_experiment: True
 * /mpc_wrapper/save_data: True
 * /mpc_wrapper/t_horizon: 1
 * /mpc_wrapper/use_ekf_synchronization: False
 * /mpc_wrapper/world_limits: None
 * /ref_gen/control_freq_factor: 5
 * /ref_gen/environment: gazebo
 * /ref_gen/loop_clockwise: False
 * /ref_gen/loop_lin_a: 0.25
 * /ref_gen/loop_r: 5.0
 * /ref_gen/loop_v_max: 12.5
 * /ref_gen/loop_yawing: False
 * /ref_gen/loop_z: 2.5
 * /ref_gen/mode: loop
 * /ref_gen/n_nodes: 10
 * /ref_gen/n_seeds: 1
 * /ref_gen/plot: False
 * /ref_gen/quad_name: hummingbird
 * /ref_gen/t_horizon: 1
 * /ref_gen/use_ekf_synchronization: False
 * /ref_gen/world_limits: None
 * /rosdistro: noetic
 * /rosversion: 1.17.4

NODES
  /
    mpc_wrapper (ros_mpc/mpc_node.py)
    ref_gen (ros_mpc/reference_publisher_node.py)

[1mROS_MASTER_URI=http://localhost:11311[0m
]2;/home/sxh/zyy_ws/src/paper_reproduction/launch/mpc_repro.launch http://localhost:11311
[1mprocess[mpc_wrapper-1]: started with pid [134532][0m
[1mprocess[ref_gen-2]: started with pid [134533][0m
[ref_gen-2] killing on exit
[mpc_wrapper-1] killing on exit
shutting down processing monitor...
... shutting down processing monitor complete
[1mdone[0m
