rm -f libacados_ocp_solver_hummingbird.so
rm -f acados_solver_hummingbird.o
cc -fPIC -std=c99   -O2 -I/home/sxh/acados/include -I/home/sxh/acados/include/acados -I/home/sxh/acados/include/blasfeo/include -I/home/sxh/acados/include/hpipm/include  -c -o acados_solver_hummingbird.o acados_solver_hummingbird.c
cc -fPIC -std=c99   -O2 -I/home/sxh/acados/include -I/home/sxh/acados/include/acados -I/home/sxh/acados/include/blasfeo/include -I/home/sxh/acados/include/hpipm/include  -c -o hummingbird_model/hummingbird_expl_ode_fun.o hummingbird_model/hummingbird_expl_ode_fun.c
cc -fPIC -std=c99   -O2 -I/home/sxh/acados/include -I/home/sxh/acados/include/acados -I/home/sxh/acados/include/blasfeo/include -I/home/sxh/acados/include/hpipm/include  -c -o hummingbird_model/hummingbird_expl_vde_forw.o hummingbird_model/hummingbird_expl_vde_forw.c
cc -fPIC -std=c99   -O2 -I/home/sxh/acados/include -I/home/sxh/acados/include/acados -I/home/sxh/acados/include/blasfeo/include -I/home/sxh/acados/include/hpipm/include  -c -o hummingbird_model/hummingbird_expl_vde_adj.o hummingbird_model/hummingbird_expl_vde_adj.c
cc -shared acados_solver_hummingbird.o hummingbird_model/hummingbird_expl_ode_fun.o hummingbird_model/hummingbird_expl_vde_forw.o hummingbird_model/hummingbird_expl_vde_adj.o -o libacados_ocp_solver_hummingbird.so -L/home/sxh/acados/lib -lacados -lhpipm -lblasfeo -lm  \
-L -l
[INFO] [1781000170.522507, 1707.110000]: Sending increasing speed wraped lemniscate trajectory
Maximum yawrate before adaption: 1.315
Maximum yawrate after adaption: 0.081
Traceback (most recent call last):
  File "/home/sxh/zyy_ws/devel/lib/paper_reproduction/reference_publisher_repro_node.py", line 15, in <module>
    exec(compile(fh.read(), python_script, 'exec'), context)
  File "/home/sxh/zyy_ws/src/paper_reproduction/scripts/reference_publisher_repro_node.py", line 261, in <module>
    ReferenceGenerator()
  File "/home/sxh/zyy_ws/src/paper_reproduction/scripts/reference_publisher_repro_node.py", line 239, in __init__
    rate.sleep()
  File "/opt/ros/noetic/lib/python3/dist-packages/rospy/timer.py", line 103, in sleep
    sleep(self._remaining(curr_time))
  File "/opt/ros/noetic/lib/python3/dist-packages/rospy/timer.py", line 165, in sleep
    raise rospy.exceptions.ROSInterruptException("ROS shutdown request")
rospy.exceptions.ROSInterruptException: ROS shutdown request
[WARN] [1781000160.656499, 0.000000]: Model parameters specified did not match with any pre-trained GP
[INFO] [1781000160.650590, 0.000000]: RDRv drag matrix loaded (GP regressors disabled)
[INFO] [1781000160.654390, 0.000000]: Physics running at 0.50 normal speed
[INFO] [1781000160.656034, 0.000000]: Attempting to load GP model from:
   git: e0d4afb
   name: gazebo_sim_rdrv
   meta: {'gazebo': 'default'}
RDRv mode
field AcadosOcpDims.N has been migrated to AcadosOcpOptions.N_horizon. setting AcadosOcpOptions.N_horizon = N. For future comppatibility, please use AcadosOcpOptions.N_horizon directly.
External functions generated in 28.888 ms.
Templated solver code generated in 523.880 ms.
Build completed in 1340.639 ms.
acados was compiled without OpenMP.
[INFO] [1781000162.581504, 1703.140000]: Entering provisional hovering mode while to reference is available at: 
[INFO] [1781000162.582131, 1703.140000]: [0.0003087320746119773, -0.04292686054365897, 0.06065354882040129, 0.9996360381137267, -0.006954965372280999, -0.00017896018517875374, 0.026065067316510038, -4.4900316319645926e-05, 0.0004787096202980476, -0.003122619028050208, -0.0104282917611502, 0.0005444262667434027, -0.004837374922888099]
[INFO] [1781000170.610997, 1707.150000]: New trajectory received. Time duration: 83.98 s. Max velocity: 10.00 m/s. Max speed: 14.7203.
[INFO] [1781000170.622697, 1707.160000]: Abandoning provisional hovering mode.
[INFO] [1781000177.424793, 1710.560000]: Reached initial position of trajectory.
[INFO] [1781000361.303759, 1802.480000]: Tracking complete. Total RMSE: 0.19770 m. Max axial vel: 10.116. Mean optimization time: 1.219 ms
[INFO] [1781000361.342945, 1802.500000]: Entering provisional hovering mode while to reference is available at: 
[INFO] [1781000361.344834, 1802.500000]: [-1.045621214178956, -3.287029241310857, 0.14454467962815937, 0.9999999985793431, 5.647469456528113e-10, 3.148465022430687e-09, 5.330397641174963e-05, -1.847023002263845e-08, 7.135540410069006e-10, -0.1334624017158241, -2.329517743443648e-08, 7.852514020930346e-08, 4.464741046909409e-05]
Traceback (most recent call last):
  File "/home/sxh/zyy_ws/devel/lib/paper_reproduction/gp_mpc_repro_node.py", line 15, in <module>
    exec(compile(fh.read(), python_script, 'exec'), context)
  File "/home/sxh/zyy_ws/src/paper_reproduction/scripts/gp_mpc_repro_node.py", line 154, in <module>
    main()
  File "/home/sxh/zyy_ws/src/paper_reproduction/scripts/gp_mpc_repro_node.py", line 138, in main
    GPMPCWrapper(
  File "/home/sxh/zyy_ws/src/paper_reproduction/scripts/gp_mpc_repro_node.py", line 64, in _gpmpc_init_save_to_benchmark
    _orig_gpmpc_init(self, *args, **kwargs)
  File "/home/sxh/zyy_ws/src/SSI-MPC/ros_mpc/nodes/gp_mpc_node.py", line 287, in __init__
    rate.sleep()
  File "/opt/ros/noetic/lib/python3/dist-packages/rospy/timer.py", line 103, in sleep
    sleep(self._remaining(curr_time))
  File "/opt/ros/noetic/lib/python3/dist-packages/rospy/timer.py", line 165, in sleep
    raise rospy.exceptions.ROSInterruptException("ROS shutdown request")
rospy.exceptions.ROSInterruptException: ROS shutdown request
... logging to /home/sxh/.ros/log/47b5c91c-63e4-11f1-8c47-b39f436f1b82/roslaunch-sxh-Legion-R9000P-ARX8-73827.log
Checking log directory for disk usage. This may take a while.
Press Ctrl-C to interrupt
Done checking log file disk usage. Usage is <1GB.
]2;/home/sxh/zyy_ws/src/paper_reproduction/launch/gp_mpc_repro.launch
[1mstarted roslaunch server http://sxh-Legion-R9000P-ARX8:40331/[0m

SUMMARY
========

PARAMETERS
 * /gp_mpc/mpc_wrapper/control_freq_factor: 5
 * /gp_mpc/mpc_wrapper/dataset_name: gazebo_dataset
 * /gp_mpc/mpc_wrapper/environment: gazebo
 * /gp_mpc/mpc_wrapper/model_name: gazebo_sim_rdrv
 * /gp_mpc/mpc_wrapper/model_type: rdrv
 * /gp_mpc/mpc_wrapper/model_version: e0d4afb
 * /gp_mpc/mpc_wrapper/n_nodes: 10
 * /gp_mpc/mpc_wrapper/overwrite: True
 * /gp_mpc/mpc_wrapper/plot: False
 * /gp_mpc/mpc_wrapper/quad_name: hummingbird
 * /gp_mpc/mpc_wrapper/record_raw_optitrack: False
 * /gp_mpc/mpc_wrapper/recording: False
 * /gp_mpc/mpc_wrapper/reset_experiment: True
 * /gp_mpc/mpc_wrapper/save_data: True
 * /gp_mpc/mpc_wrapper/t_horizon: 1
 * /gp_mpc/mpc_wrapper/training_split: True
 * /gp_mpc/mpc_wrapper/use_ekf_synchronization: False
 * /gp_mpc/mpc_wrapper/world_limits: None
 * /gp_mpc/ref_gen/control_freq_factor: 5
 * /gp_mpc/ref_gen/environment: gazebo
 * /gp_mpc/ref_gen/loop_clockwise: False
 * /gp_mpc/ref_gen/loop_lin_a: 0.25
 * /gp_mpc/ref_gen/loop_r: 7.5
 * /gp_mpc/ref_gen/loop_v_max: 10.0
 * /gp_mpc/ref_gen/loop_yawing: False
 * /gp_mpc/ref_gen/loop_z: 3.0
 * /gp_mpc/ref_gen/mode: wraped_lemniscate
 * /gp_mpc/ref_gen/n_nodes: 10
 * /gp_mpc/ref_gen/n_seeds: 1
 * /gp_mpc/ref_gen/plot: False
 * /gp_mpc/ref_gen/quad_name: hummingbird
 * /gp_mpc/ref_gen/t_horizon: 1
 * /gp_mpc/ref_gen/use_ekf_synchronization: False
 * /gp_mpc/ref_gen/world_limits: None
 * /rosdistro: noetic
 * /rosversion: 1.17.4

NODES
  /gp_mpc/
    mpc_wrapper (paper_reproduction/gp_mpc_repro_node.py)
    ref_gen (paper_reproduction/reference_publisher_repro_node.py)

[1mROS_MASTER_URI=http://localhost:11311[0m
]2;/home/sxh/zyy_ws/src/paper_reproduction/launch/gp_mpc_repro.launch http://localhost:11311
[1mprocess[gp_mpc/mpc_wrapper-1]: started with pid [73875][0m
[1mprocess[gp_mpc/ref_gen-2]: started with pid [73876][0m
[gp_mpc/ref_gen-2] killing on exit
[gp_mpc/mpc_wrapper-1] killing on exit
shutting down processing monitor...
... shutting down processing monitor complete
[1mdone[0m
