rm -f libacados_ocp_solver_hummingbird.so
rm -f acados_solver_hummingbird.o
cc -fPIC -std=c99   -O2 -I/home/sxh/acados/include -I/home/sxh/acados/include/acados -I/home/sxh/acados/include/blasfeo/include -I/home/sxh/acados/include/hpipm/include  -c -o acados_solver_hummingbird.o acados_solver_hummingbird.c
cc -fPIC -std=c99   -O2 -I/home/sxh/acados/include -I/home/sxh/acados/include/acados -I/home/sxh/acados/include/blasfeo/include -I/home/sxh/acados/include/hpipm/include  -c -o hummingbird_model/hummingbird_expl_ode_fun.o hummingbird_model/hummingbird_expl_ode_fun.c
cc -fPIC -std=c99   -O2 -I/home/sxh/acados/include -I/home/sxh/acados/include/acados -I/home/sxh/acados/include/blasfeo/include -I/home/sxh/acados/include/hpipm/include  -c -o hummingbird_model/hummingbird_expl_vde_forw.o hummingbird_model/hummingbird_expl_vde_forw.c
cc -fPIC -std=c99   -O2 -I/home/sxh/acados/include -I/home/sxh/acados/include/acados -I/home/sxh/acados/include/blasfeo/include -I/home/sxh/acados/include/hpipm/include  -c -o hummingbird_model/hummingbird_expl_vde_adj.o hummingbird_model/hummingbird_expl_vde_adj.c
cc -shared acados_solver_hummingbird.o hummingbird_model/hummingbird_expl_ode_fun.o hummingbird_model/hummingbird_expl_vde_forw.o hummingbird_model/hummingbird_expl_vde_adj.o -o libacados_ocp_solver_hummingbird.so -L/home/sxh/acados/lib -lacados -lhpipm -lblasfeo -lm  \
-L -l
[INFO] [1780998881.915168, 1062.940000]: Sending increasing speed loop trajectory
Maximum yawrate before adaption: 1.142
Maximum yawrate after adaption: 0.001
[WARN] [1780998872.063438, 0.000000]: Model parameters specified did not match with any pre-trained GP
/home/sxh/zyy_ws/src/SSI-MPC/ros_mpc/src/utils/visualization.py:553: UserWarning: Starting a Matplotlib GUI outside of the main thread will likely fail.
  fig, axes = plt.subplots(variants_dim, len(traj_type_vec), sharex='col', sharey='none',
[ERROR] [1780999082.230515, 1163.070000]: bad callback: <bound method GPMPCWrapper.reference_callback of <gp_mpc_node.GPMPCWrapper object at 0x7fb24a875b80>>
Traceback (most recent call last):
  File "/opt/ros/noetic/lib/python3/dist-packages/rospy/topics.py", line 750, in _invoke_callback
    cb(msg)
  File "/home/sxh/zyy_ws/src/SSI-MPC/ros_mpc/nodes/gp_mpc_node.py", line 387, in reference_callback
    self.plot_tracking_mse_experiment()
  File "/home/sxh/zyy_ws/src/SSI-MPC/ros_mpc/nodes/gp_mpc_node.py", line 899, in plot_tracking_mse_experiment
    mse_tracking_experiment_plot(v_max=self.mse_exp_v_max, mse=self.mse_exp, traj_type_vec=traj_type_labels,
  File "/home/sxh/zyy_ws/src/SSI-MPC/ros_mpc/src/utils/visualization.py", line 592, in mse_tracking_experiment_plot
    tikzplotlib.save(img_save_dir + "mse.tex")
  File "/home/sxh/zyy/mpc_venv/lib/python3.8/site-packages/tikzplotlib-0.9.4-py3.8.egg/tikzplotlib/_save.py", line 253, in save
    code = get_tikz_code(*args, filepath=filepath, **kwargs)
  File "/home/sxh/zyy/mpc_venv/lib/python3.8/site-packages/tikzplotlib-0.9.4-py3.8.egg/tikzplotlib/_save.py", line 207, in get_tikz_code
    data, content = _recurse(data, figure)
  File "/home/sxh/zyy/mpc_venv/lib/python3.8/site-packages/tikzplotlib-0.9.4-py3.8.egg/tikzplotlib/_save.py", line 335, in _recurse
    ax = _axes.Axes(data, child)
  File "/home/sxh/zyy/mpc_venv/lib/python3.8/site-packages/tikzplotlib-0.9.4-py3.8.egg/tikzplotlib/_axes.py", line 124, in __init__
    self._grid(obj, data)
  File "/home/sxh/zyy/mpc_venv/lib/python3.8/site-packages/tikzplotlib-0.9.4-py3.8.egg/tikzplotlib/_axes.py", line 298, in _grid
    if obj.xaxis._gridOnMajor:
AttributeError: 'XAxis' object has no attribute '_gridOnMajor'

[INFO] [1780998872.061260, 0.000000]: Physics running at 0.50 normal speed
[INFO] [1780998872.062930, 0.000000]: Attempting to load GP model from:
   git: e0d4afb
   name: gazebo_sim_rdrv
   meta: {'gazebo': 'default'}
RDRv mode
field AcadosOcpDims.N has been migrated to AcadosOcpOptions.N_horizon. setting AcadosOcpOptions.N_horizon = N. For future comppatibility, please use AcadosOcpOptions.N_horizon directly.
External functions generated in 26.306 ms.
Templated solver code generated in 499.666 ms.
Build completed in 1328.873 ms.
acados was compiled without OpenMP.
[INFO] [1780998873.952305, 1058.960000]: Entering provisional hovering mode while to reference is available at: 
[INFO] [1780998873.953067, 1058.960000]: [-1.0450411692290176, -3.287257076041636, 0.059999999996417946, 0.9999999876789861, -1.9483568352565562e-16, 1.1628839471421361e-18, 0.0001569777940536591, 8.870295831085356e-15, -1.7759431674114362e-14, 3.5818392696285173e-12, -8.670705294804309e-17, -1.9932582374255455e-16, 6.791005633098912e-19]
[INFO] [1780998882.000983, 1062.980000]: New trajectory received. Time duration: 83.98 s. Max velocity: 10.00 m/s. Max speed: 10.0683.
[INFO] [1780998882.035612, 1063.000000]: Abandoning provisional hovering mode.
[INFO] [1780998899.319500, 1071.640000]: Reached initial position of trajectory.
[INFO] [1780999077.876650, 1160.900000]: Tracking complete. Total RMSE: 0.09960 m. Max axial vel: 9.671. Mean optimization time: 1.166 ms
[INFO] [1780999077.915442, 1160.920000]: Entering provisional hovering mode while to reference is available at: 
[INFO] [1780999077.916911, 1160.920000]: [-3.591924770151117, -8.47792764302953, 0.14453224095205047, 0.9999949044199515, 2.596856748979387e-10, -2.1929147268905858e-10, 0.0031923555773315897, -9.744775496207908e-09, 2.692509037572392e-09, -0.1334279382827945, -2.8514164122088493e-08, 4.806082016896301e-08, -0.004909412913035971]
Traceback (most recent call last):
  File "/home/sxh/zyy_ws/devel/lib/paper_reproduction/gp_mpc_repro_node.py", line 15, in <module>
    exec(compile(fh.read(), python_script, 'exec'), context)
  File "/home/sxh/zyy_ws/src/paper_reproduction/scripts/gp_mpc_repro_node.py", line 132, in <module>
    main()
  File "/home/sxh/zyy_ws/src/paper_reproduction/scripts/gp_mpc_repro_node.py", line 116, in main
    GPMPCWrapper(
  File "/home/sxh/zyy_ws/src/paper_reproduction/scripts/gp_mpc_repro_node.py", line 43, in _gpmpc_init_save_to_benchmark
    _orig_gpmpc_init(self, *args, **kwargs)
  File "/home/sxh/zyy_ws/src/SSI-MPC/ros_mpc/nodes/gp_mpc_node.py", line 287, in __init__
    rate.sleep()
  File "/opt/ros/noetic/lib/python3/dist-packages/rospy/timer.py", line 103, in sleep
    sleep(self._remaining(curr_time))
  File "/opt/ros/noetic/lib/python3/dist-packages/rospy/timer.py", line 165, in sleep
    raise rospy.exceptions.ROSInterruptException("ROS shutdown request")
rospy.exceptions.ROSInterruptException: ROS shutdown request
QObject::killTimer: Timers cannot be stopped from another thread
... logging to /home/sxh/.ros/log/47b5c91c-63e4-11f1-8c47-b39f436f1b82/roslaunch-sxh-Legion-R9000P-ARX8-49198.log
Checking log directory for disk usage. This may take a while.
Press Ctrl-C to interrupt
Done checking log file disk usage. Usage is <1GB.
]2;/home/sxh/zyy_ws/src/paper_reproduction/launch/gp_mpc_repro.launch
[1mstarted roslaunch server http://sxh-Legion-R9000P-ARX8:46455/[0m

SUMMARY
========

PARAMETERS
 * /gp_mpc/mpc_wrapper/control_freq_factor: 5
 * /gp_mpc/mpc_wrapper/dataset_name: gazebo_dataset
 * /gp_mpc/mpc_wrapper/environment: gazebo
 * /gp_mpc/mpc_wrapper/model_name: gazebo_sim_rdrv
 * /gp_mpc/mpc_wrapper/model_type: rdrv
 * /gp_mpc/mpc_wrapper/model_version: e0d4afb
 * /gp_mpc/mpc_wrapper/n_nodes: 10
 * /gp_mpc/mpc_wrapper/overwrite: True
 * /gp_mpc/mpc_wrapper/plot: False
 * /gp_mpc/mpc_wrapper/quad_name: hummingbird
 * /gp_mpc/mpc_wrapper/record_raw_optitrack: False
 * /gp_mpc/mpc_wrapper/recording: False
 * /gp_mpc/mpc_wrapper/reset_experiment: True
 * /gp_mpc/mpc_wrapper/save_data: True
 * /gp_mpc/mpc_wrapper/t_horizon: 1
 * /gp_mpc/mpc_wrapper/training_split: True
 * /gp_mpc/mpc_wrapper/use_ekf_synchronization: False
 * /gp_mpc/mpc_wrapper/world_limits: None
 * /gp_mpc/ref_gen/control_freq_factor: 5
 * /gp_mpc/ref_gen/environment: gazebo
 * /gp_mpc/ref_gen/loop_clockwise: False
 * /gp_mpc/ref_gen/loop_lin_a: 0.25
 * /gp_mpc/ref_gen/loop_r: 5.0
 * /gp_mpc/ref_gen/loop_v_max: 10.0
 * /gp_mpc/ref_gen/loop_yawing: False
 * /gp_mpc/ref_gen/loop_z: 2.5
 * /gp_mpc/ref_gen/mode: loop
 * /gp_mpc/ref_gen/n_nodes: 10
 * /gp_mpc/ref_gen/n_seeds: 1
 * /gp_mpc/ref_gen/plot: False
 * /gp_mpc/ref_gen/quad_name: hummingbird
 * /gp_mpc/ref_gen/t_horizon: 1
 * /gp_mpc/ref_gen/use_ekf_synchronization: False
 * /gp_mpc/ref_gen/world_limits: None
 * /rosdistro: noetic
 * /rosversion: 1.17.4

NODES
  /gp_mpc/
    mpc_wrapper (paper_reproduction/gp_mpc_repro_node.py)
    ref_gen (ros_mpc/reference_publisher_node.py)

[1mROS_MASTER_URI=http://localhost:11311[0m
]2;/home/sxh/zyy_ws/src/paper_reproduction/launch/gp_mpc_repro.launch http://localhost:11311
[1mprocess[gp_mpc/mpc_wrapper-1]: started with pid [49246][0m
[1mprocess[gp_mpc/ref_gen-2]: started with pid [49247][0m
[1m[gp_mpc/ref_gen-2] process has finished cleanly
log file: /home/sxh/.ros/log/47b5c91c-63e4-11f1-8c47-b39f436f1b82/gp_mpc-ref_gen-2*.log[0m
[gp_mpc/mpc_wrapper-1] killing on exit
shutting down processing monitor...
... shutting down processing monitor complete
[1mdone[0m
