rm -f libacados_ocp_solver_hummingbird.so
rm -f acados_solver_hummingbird.o
cc -fPIC -std=c99   -O2 -I/home/sxh/acados/include -I/home/sxh/acados/include/acados -I/home/sxh/acados/include/blasfeo/include -I/home/sxh/acados/include/hpipm/include  -c -o acados_solver_hummingbird.o acados_solver_hummingbird.c
cc -fPIC -std=c99   -O2 -I/home/sxh/acados/include -I/home/sxh/acados/include/acados -I/home/sxh/acados/include/blasfeo/include -I/home/sxh/acados/include/hpipm/include  -c -o hummingbird_model/hummingbird_expl_ode_fun.o hummingbird_model/hummingbird_expl_ode_fun.c
cc -fPIC -std=c99   -O2 -I/home/sxh/acados/include -I/home/sxh/acados/include/acados -I/home/sxh/acados/include/blasfeo/include -I/home/sxh/acados/include/hpipm/include  -c -o hummingbird_model/hummingbird_expl_vde_forw.o hummingbird_model/hummingbird_expl_vde_forw.c
cc -fPIC -std=c99   -O2 -I/home/sxh/acados/include -I/home/sxh/acados/include/acados -I/home/sxh/acados/include/blasfeo/include -I/home/sxh/acados/include/hpipm/include  -c -o hummingbird_model/hummingbird_expl_vde_adj.o hummingbird_model/hummingbird_expl_vde_adj.c
cc -shared acados_solver_hummingbird.o hummingbird_model/hummingbird_expl_ode_fun.o hummingbird_model/hummingbird_expl_vde_forw.o hummingbird_model/hummingbird_expl_vde_adj.o -o libacados_ocp_solver_hummingbird.so -L/home/sxh/acados/lib -lacados -lhpipm -lblasfeo -lm  \
-L -l
[INFO] [1780834024.630284, 3436.970000]: Sending increasing speed loop trajectory
Maximum yawrate before adaption: 1.142
Maximum yawrate after adaption: 0.001
[WARN] [1780834185.384745, 3517.330000]: Recording time skipped messages: 1
[INFO] [1780834014.780073, 0.000000]: Physics running at 0.50 normal speed
[INFO] [1780834014.783087, 0.000000]: Using random features. n_rf: 50, lr: 0.25, Gaussian kernel_std: 0.01.
field AcadosOcpDims.N has been migrated to AcadosOcpOptions.N_horizon. setting AcadosOcpOptions.N_horizon = N. For future comppatibility, please use AcadosOcpOptions.N_horizon directly.
External functions generated in 24.685 ms.
Templated solver code generated in 515.402 ms.
Build completed in 1233.051 ms.
acados was compiled without OpenMP.
[INFO] [1780834016.589313, 3432.950000]: Entering provisional hovering mode while to reference is available at: 
[INFO] [1780834016.590447, 3432.950000]: [-0.017159721077639706, 0.6582008326671868, 0.0727227022061605, -0.9893727045798509, -0.1195669348033017, -0.01854470311045669, 0.0806318393727887, -0.036787419716191504, -1.330468322264819, 0.007480067778359392, 0.15558661135170593, 0.07061131693922157, 0.6844950859236787]
[INFO] [1780834024.728551, 3437.010000]: New trajectory received. Time duration: 83.98 s. Max velocity: 10.00 m/s. Max speed: 10.0683. Max input: 0.6769.
[INFO] [1780834024.750698, 3437.030000]: Abandoning provisional hovering mode.
[INFO] [1780834035.073497, 3442.190000]: Reached initial position of trajectory.
[INFO] [1780834213.070231, 3531.170000]: Tracking complete. Total RMSE: 0.05456 m. Max axial vel: 9.963. Max speed: 9.975. Mean optimization time: 3.202 ms
[INFO] [1780834213.109138, 3531.190000]: Entering provisional hovering mode while to reference is available at: 
[INFO] [1780834213.110287, 3531.190000]: [-3.5907344425785483, -8.478364529127429, 0.14607729452133927, 0.9999924538113558, 4.664446214354967e-05, -4.7440784242788175e-05, 0.00388431384027862, -0.00037888414330111724, -0.0003727832096223869, -0.16039134269846456, -0.0001674834602508236, 0.0001859153391824739, -0.004681386908530452]
[INFO] [1780834214.750112, 3532.010000]: No more references will be received
Traceback (most recent call last):
  File "/home/sxh/zyy_ws/src/SSI-MPC/ros_mpc/nodes/mpc_node.py", line 907, in <module>
    main()
  File "/home/sxh/zyy_ws/src/SSI-MPC/ros_mpc/nodes/mpc_node.py", line 903, in main
    MPCWrapper(quad_name, env, recording_options, plot=plot, reset_experiment=reset, save_data=save_data)
  File "/home/sxh/zyy_ws/src/SSI-MPC/ros_mpc/nodes/mpc_node.py", line 241, in __init__
    rate.sleep()
  File "/opt/ros/noetic/lib/python3/dist-packages/rospy/timer.py", line 103, in sleep
    sleep(self._remaining(curr_time))
  File "/opt/ros/noetic/lib/python3/dist-packages/rospy/timer.py", line 165, in sleep
    raise rospy.exceptions.ROSInterruptException("ROS shutdown request")
rospy.exceptions.ROSInterruptException: ROS shutdown request
... logging to /home/sxh/.ros/log/62ad7080-6259-11f1-8b61-ed52a31e366d/roslaunch-sxh-Legion-R9000P-ARX8-238042.log
Checking log directory for disk usage. This may take a while.
Press Ctrl-C to interrupt
Done checking log file disk usage. Usage is <1GB.
]2;/home/sxh/zyy_ws/src/paper_reproduction/launch/mpc_repro.launch
[1mstarted roslaunch server http://sxh-Legion-R9000P-ARX8:43663/[0m

SUMMARY
========

PARAMETERS
 * /mpc_wrapper/control_freq_factor: 5
 * /mpc_wrapper/environment: gazebo
 * /mpc_wrapper/heuristic: False
 * /mpc_wrapper/kernel: Gaussian
 * /mpc_wrapper/kernel_std: 0.01
 * /mpc_wrapper/lr: 0.25
 * /mpc_wrapper/n_nodes: 10
 * /mpc_wrapper/n_rf: 50
 * /mpc_wrapper/overwrite: True
 * /mpc_wrapper/plot: False
 * /mpc_wrapper/quad_name: hummingbird
 * /mpc_wrapper/recording: False
 * /mpc_wrapper/reset_experiment: True
 * /mpc_wrapper/save_data: True
 * /mpc_wrapper/t_horizon: 1
 * /mpc_wrapper/use_ekf_synchronization: False
 * /mpc_wrapper/world_limits: None
 * /ref_gen/control_freq_factor: 5
 * /ref_gen/environment: gazebo
 * /ref_gen/loop_clockwise: False
 * /ref_gen/loop_lin_a: 0.25
 * /ref_gen/loop_r: 5.0
 * /ref_gen/loop_v_max: 10.0
 * /ref_gen/loop_yawing: False
 * /ref_gen/loop_z: 2.5
 * /ref_gen/mode: loop
 * /ref_gen/n_nodes: 10
 * /ref_gen/n_seeds: 1
 * /ref_gen/plot: False
 * /ref_gen/quad_name: hummingbird
 * /ref_gen/t_horizon: 1
 * /ref_gen/use_ekf_synchronization: False
 * /ref_gen/world_limits: None
 * /rosdistro: noetic
 * /rosversion: 1.17.4

NODES
  /
    mpc_wrapper (ros_mpc/mpc_node.py)
    ref_gen (ros_mpc/reference_publisher_node.py)

[1mROS_MASTER_URI=http://localhost:11311[0m
]2;/home/sxh/zyy_ws/src/paper_reproduction/launch/mpc_repro.launch http://localhost:11311
[1mprocess[mpc_wrapper-1]: started with pid [238090][0m
[1mprocess[ref_gen-2]: started with pid [238091][0m
[1m[ref_gen-2] process has finished cleanly
log file: /home/sxh/.ros/log/62ad7080-6259-11f1-8b61-ed52a31e366d/ref_gen-2*.log[0m
[mpc_wrapper-1] killing on exit
shutting down processing monitor...
... shutting down processing monitor complete
[1mdone[0m
