rm -f libacados_ocp_solver_hummingbird.so
rm -f acados_solver_hummingbird.o
cc -fPIC -std=c99   -O2 -I/home/sxh/acados/include -I/home/sxh/acados/include/acados -I/home/sxh/acados/include/blasfeo/include -I/home/sxh/acados/include/hpipm/include  -c -o acados_solver_hummingbird.o acados_solver_hummingbird.c
cc -fPIC -std=c99   -O2 -I/home/sxh/acados/include -I/home/sxh/acados/include/acados -I/home/sxh/acados/include/blasfeo/include -I/home/sxh/acados/include/hpipm/include  -c -o hummingbird_model/hummingbird_expl_ode_fun.o hummingbird_model/hummingbird_expl_ode_fun.c
cc -fPIC -std=c99   -O2 -I/home/sxh/acados/include -I/home/sxh/acados/include/acados -I/home/sxh/acados/include/blasfeo/include -I/home/sxh/acados/include/hpipm/include  -c -o hummingbird_model/hummingbird_expl_vde_forw.o hummingbird_model/hummingbird_expl_vde_forw.c
cc -fPIC -std=c99   -O2 -I/home/sxh/acados/include -I/home/sxh/acados/include/acados -I/home/sxh/acados/include/blasfeo/include -I/home/sxh/acados/include/hpipm/include  -c -o hummingbird_model/hummingbird_expl_vde_adj.o hummingbird_model/hummingbird_expl_vde_adj.c
cc -shared acados_solver_hummingbird.o hummingbird_model/hummingbird_expl_ode_fun.o hummingbird_model/hummingbird_expl_vde_forw.o hummingbird_model/hummingbird_expl_vde_adj.o -o libacados_ocp_solver_hummingbird.so -L/home/sxh/acados/lib -lacados -lhpipm -lblasfeo -lm  \
-L -l
[INFO] [1780997130.029552, 187.180000]: Sending increasing speed lemniscate trajectory
Maximum yawrate before adaption: 2.212
Maximum yawrate after adaption: 0.060
Traceback (most recent call last):
  File "/home/sxh/zyy_ws/src/SSI-MPC/ros_mpc/nodes/reference_publisher_node.py", line 236, in <module>
    ReferenceGenerator()
  File "/home/sxh/zyy_ws/src/SSI-MPC/ros_mpc/nodes/reference_publisher_node.py", line 223, in __init__
    rate.sleep()
  File "/opt/ros/noetic/lib/python3/dist-packages/rospy/timer.py", line 103, in sleep
    sleep(self._remaining(curr_time))
  File "/opt/ros/noetic/lib/python3/dist-packages/rospy/timer.py", line 165, in sleep
    raise rospy.exceptions.ROSInterruptException("ROS shutdown request")
rospy.exceptions.ROSInterruptException: ROS shutdown request
[WARN] [1780997289.422848, 266.860000]: Recording time skipped messages: 1
[INFO] [1780997120.107369, 182.220000]: Physics running at 0.50 normal speed
[INFO] [1780997120.110403, 182.220000]: Using random features. n_rf: 100, lr: 0.15, Gaussian kernel_std: 0.01.
field AcadosOcpDims.N has been migrated to AcadosOcpOptions.N_horizon. setting AcadosOcpOptions.N_horizon = N. For future comppatibility, please use AcadosOcpOptions.N_horizon directly.
External functions generated in 24.845 ms.
Templated solver code generated in 504.292 ms.
Build completed in 1186.438 ms.
acados was compiled without OpenMP.
[INFO] [1780997121.867284, 183.100000]: Entering provisional hovering mode while to reference is available at: 
[INFO] [1780997121.868555, 183.100000]: [-0.00697866222839289, -0.0006555060006330157, 1.1796778297266786, 0.9999982845245461, -0.00018355770130813103, 0.0018126346615675965, 0.00033408100633131575, 0.015703941090661783, 0.0015302426752954051, 0.0035641667634046664, 0.004062189509152611, -0.04677574648204067, -0.002521318967907549]
[INFO] [1780997130.117732, 187.220000]: New trajectory received. Time duration: 83.98 s. Max velocity: 10.00 m/s. Max speed: 14.1083. Max input: 0.9116.
[INFO] [1780997130.149662, 187.240000]: Abandoning provisional hovering mode.
[INFO] [1780997136.190199, 190.260000]: Reached initial position of trajectory.
[INFO] [1780997314.188408, 279.240000]: Tracking complete. Total RMSE: 0.07664 m. Max axial vel: 9.956. Max speed: 13.690. Mean optimization time: 4.269 ms
[INFO] [1780997314.227198, 279.260000]: Entering provisional hovering mode while to reference is available at: 
[INFO] [1780997314.228995, 279.260000]: [-1.0450046813706602, -3.2861799380286083, 0.146157499896127, 0.9999996183079524, 2.6814223379679518e-05, -8.21064647088301e-06, 0.0008732683048826973, -0.00010300146058168175, -0.00019203750544680652, -0.16052933452696375, -7.513712217776845e-05, 9.948933916099366e-05, -0.0010276885364499143]
Traceback (most recent call last):
  File "/home/sxh/zyy_ws/src/SSI-MPC/ros_mpc/nodes/mpc_node.py", line 907, in <module>
    main()
  File "/home/sxh/zyy_ws/src/SSI-MPC/ros_mpc/nodes/mpc_node.py", line 903, in main
    MPCWrapper(quad_name, env, recording_options, plot=plot, reset_experiment=reset, save_data=save_data)
  File "/home/sxh/zyy_ws/src/SSI-MPC/ros_mpc/nodes/mpc_node.py", line 241, in __init__
    rate.sleep()
  File "/opt/ros/noetic/lib/python3/dist-packages/rospy/timer.py", line 103, in sleep
    sleep(self._remaining(curr_time))
  File "/opt/ros/noetic/lib/python3/dist-packages/rospy/timer.py", line 165, in sleep
    raise rospy.exceptions.ROSInterruptException("ROS shutdown request")
rospy.exceptions.ROSInterruptException: ROS shutdown request
... logging to /home/sxh/.ros/log/47b5c91c-63e4-11f1-8c47-b39f436f1b82/roslaunch-sxh-Legion-R9000P-ARX8-13702.log
Checking log directory for disk usage. This may take a while.
Press Ctrl-C to interrupt
Done checking log file disk usage. Usage is <1GB.
]2;/home/sxh/zyy_ws/src/paper_reproduction/launch/mpc_repro.launch
[1mstarted roslaunch server http://sxh-Legion-R9000P-ARX8:36567/[0m

SUMMARY
========

PARAMETERS
 * /mpc_wrapper/control_freq_factor: 5
 * /mpc_wrapper/environment: gazebo
 * /mpc_wrapper/heuristic: False
 * /mpc_wrapper/kernel: Gaussian
 * /mpc_wrapper/kernel_std: 0.01
 * /mpc_wrapper/lr: 0.15
 * /mpc_wrapper/n_nodes: 10
 * /mpc_wrapper/n_rf: 100
 * /mpc_wrapper/overwrite: True
 * /mpc_wrapper/plot: False
 * /mpc_wrapper/quad_name: hummingbird
 * /mpc_wrapper/recording: False
 * /mpc_wrapper/reset_experiment: True
 * /mpc_wrapper/save_data: True
 * /mpc_wrapper/t_horizon: 1
 * /mpc_wrapper/use_ekf_synchronization: False
 * /mpc_wrapper/world_limits: None
 * /ref_gen/control_freq_factor: 5
 * /ref_gen/environment: gazebo
 * /ref_gen/loop_clockwise: False
 * /ref_gen/loop_lin_a: 0.25
 * /ref_gen/loop_r: 7.5
 * /ref_gen/loop_v_max: 10.0
 * /ref_gen/loop_yawing: False
 * /ref_gen/loop_z: 2.5
 * /ref_gen/mode: lemniscate
 * /ref_gen/n_nodes: 10
 * /ref_gen/n_seeds: 1
 * /ref_gen/plot: False
 * /ref_gen/quad_name: hummingbird
 * /ref_gen/t_horizon: 1
 * /ref_gen/use_ekf_synchronization: False
 * /ref_gen/world_limits: None
 * /rosdistro: noetic
 * /rosversion: 1.17.4

NODES
  /
    mpc_wrapper (ros_mpc/mpc_node.py)
    ref_gen (ros_mpc/reference_publisher_node.py)

[1mROS_MASTER_URI=http://localhost:11311[0m
]2;/home/sxh/zyy_ws/src/paper_reproduction/launch/mpc_repro.launch http://localhost:11311
[1mprocess[mpc_wrapper-1]: started with pid [13750][0m
[1mprocess[ref_gen-2]: started with pid [13751][0m
[ref_gen-2] killing on exit
[mpc_wrapper-1] killing on exit
shutting down processing monitor...
... shutting down processing monitor complete
[1mdone[0m
