rm -f libacados_ocp_solver_hummingbird.so
rm -f acados_solver_hummingbird.o
cc -fPIC -std=c99   -O2 -I/home/sxh/acados/include -I/home/sxh/acados/include/acados -I/home/sxh/acados/include/blasfeo/include -I/home/sxh/acados/include/hpipm/include  -c -o acados_solver_hummingbird.o acados_solver_hummingbird.c
cc -fPIC -std=c99   -O2 -I/home/sxh/acados/include -I/home/sxh/acados/include/acados -I/home/sxh/acados/include/blasfeo/include -I/home/sxh/acados/include/hpipm/include  -c -o hummingbird_model/hummingbird_expl_ode_fun.o hummingbird_model/hummingbird_expl_ode_fun.c
cc -fPIC -std=c99   -O2 -I/home/sxh/acados/include -I/home/sxh/acados/include/acados -I/home/sxh/acados/include/blasfeo/include -I/home/sxh/acados/include/hpipm/include  -c -o hummingbird_model/hummingbird_expl_vde_forw.o hummingbird_model/hummingbird_expl_vde_forw.c
cc -fPIC -std=c99   -O2 -I/home/sxh/acados/include -I/home/sxh/acados/include/acados -I/home/sxh/acados/include/blasfeo/include -I/home/sxh/acados/include/hpipm/include  -c -o hummingbird_model/hummingbird_expl_vde_adj.o hummingbird_model/hummingbird_expl_vde_adj.c
cc -shared acados_solver_hummingbird.o hummingbird_model/hummingbird_expl_ode_fun.o hummingbird_model/hummingbird_expl_vde_forw.o hummingbird_model/hummingbird_expl_vde_adj.o -o libacados_ocp_solver_hummingbird.so -L/home/sxh/acados/lib -lacados -lhpipm -lblasfeo -lm  \
-L -l
[INFO] [1780925829.537541, 500.520000]: Sending increasing speed loop trajectory
Maximum yawrate before adaption: 1.142
Maximum yawrate after adaption: 0.001
[WARN] [1780925990.280534, 580.870000]: Recording time skipped messages: 1
[INFO] [1780925819.643639, 0.000000]: Physics running at 0.50 normal speed
[INFO] [1780925819.646302, 0.000000]: Using random features. n_rf: 100, lr: 0.15, Gaussian kernel_std: 0.01.
field AcadosOcpDims.N has been migrated to AcadosOcpOptions.N_horizon. setting AcadosOcpOptions.N_horizon = N. For future comppatibility, please use AcadosOcpOptions.N_horizon directly.
External functions generated in 24.325 ms.
Templated solver code generated in 503.001 ms.
Build completed in 1232.298 ms.
acados was compiled without OpenMP.
[INFO] [1780925821.435637, 496.470000]: Entering provisional hovering mode while to reference is available at: 
[INFO] [1780925821.436698, 496.470000]: [-0.015255636410714223, -0.034247324889535434, 0.060000841645965974, 0.9994136430898372, -8.401267181336378e-06, -2.8782406774231445e-07, 0.03423988807276455, -0.0004682852496755208, -0.0010120925421502555, 0.003747774420209568, 0.016292073363641097, -0.008938247336504885, -1.5922424341071312e-06]
[INFO] [1780925829.621700, 500.560000]: New trajectory received. Time duration: 83.98 s. Max velocity: 10.00 m/s. Max speed: 10.0683. Max input: 0.6769.
[INFO] [1780925829.637750, 500.570000]: Abandoning provisional hovering mode.
[INFO] [1780925840.039183, 505.770000]: Reached initial position of trajectory.
[INFO] [1780926018.039564, 594.750000]: Tracking complete. Total RMSE: 0.05363 m. Max axial vel: 9.951. Max speed: 9.956. Mean optimization time: 4.217 ms
[INFO] [1780926018.079031, 594.770000]: Entering provisional hovering mode while to reference is available at: 
[INFO] [1780926018.080520, 594.770000]: [-3.5910190377113436, -8.478847926478707, 0.14609871154217988, 0.9999925035182652, -1.2483483910818643e-05, -4.000678370263011e-05, 0.0038718407628018973, -0.0003114716229078382, 9.164558319114243e-05, -0.16043305426474755, 3.972256056840029e-05, 0.00013864176628787991, -0.004665721157292729]
[INFO] [1780926019.580392, 595.520000]: No more references will be received
Traceback (most recent call last):
  File "/home/sxh/zyy_ws/src/SSI-MPC/ros_mpc/nodes/mpc_node.py", line 907, in <module>
    main()
  File "/home/sxh/zyy_ws/src/SSI-MPC/ros_mpc/nodes/mpc_node.py", line 903, in main
    MPCWrapper(quad_name, env, recording_options, plot=plot, reset_experiment=reset, save_data=save_data)
  File "/home/sxh/zyy_ws/src/SSI-MPC/ros_mpc/nodes/mpc_node.py", line 241, in __init__
    rate.sleep()
  File "/opt/ros/noetic/lib/python3/dist-packages/rospy/timer.py", line 103, in sleep
    sleep(self._remaining(curr_time))
  File "/opt/ros/noetic/lib/python3/dist-packages/rospy/timer.py", line 165, in sleep
    raise rospy.exceptions.ROSInterruptException("ROS shutdown request")
rospy.exceptions.ROSInterruptException: ROS shutdown request
... logging to /home/sxh/.ros/log/cfc28064-633c-11f1-b69b-93ba2d23f00f/roslaunch-sxh-Legion-R9000P-ARX8-35612.log
Checking log directory for disk usage. This may take a while.
Press Ctrl-C to interrupt
Done checking log file disk usage. Usage is <1GB.
]2;/home/sxh/zyy_ws/src/paper_reproduction/launch/mpc_repro.launch
[1mstarted roslaunch server http://sxh-Legion-R9000P-ARX8:44573/[0m

SUMMARY
========

PARAMETERS
 * /mpc_wrapper/control_freq_factor: 5
 * /mpc_wrapper/environment: gazebo
 * /mpc_wrapper/heuristic: False
 * /mpc_wrapper/kernel: Gaussian
 * /mpc_wrapper/kernel_std: 0.01
 * /mpc_wrapper/lr: 0.15
 * /mpc_wrapper/n_nodes: 10
 * /mpc_wrapper/n_rf: 100
 * /mpc_wrapper/overwrite: True
 * /mpc_wrapper/plot: False
 * /mpc_wrapper/quad_name: hummingbird
 * /mpc_wrapper/recording: False
 * /mpc_wrapper/reset_experiment: True
 * /mpc_wrapper/save_data: True
 * /mpc_wrapper/t_horizon: 1
 * /mpc_wrapper/use_ekf_synchronization: False
 * /mpc_wrapper/world_limits: None
 * /ref_gen/control_freq_factor: 5
 * /ref_gen/environment: gazebo
 * /ref_gen/loop_clockwise: False
 * /ref_gen/loop_lin_a: 0.25
 * /ref_gen/loop_r: 5.0
 * /ref_gen/loop_v_max: 10.0
 * /ref_gen/loop_yawing: False
 * /ref_gen/loop_z: 2.5
 * /ref_gen/mode: loop
 * /ref_gen/n_nodes: 10
 * /ref_gen/n_seeds: 1
 * /ref_gen/plot: False
 * /ref_gen/quad_name: hummingbird
 * /ref_gen/t_horizon: 1
 * /ref_gen/use_ekf_synchronization: False
 * /ref_gen/world_limits: None
 * /rosdistro: noetic
 * /rosversion: 1.17.4

NODES
  /
    mpc_wrapper (ros_mpc/mpc_node.py)
    ref_gen (ros_mpc/reference_publisher_node.py)

[1mROS_MASTER_URI=http://localhost:11311[0m
]2;/home/sxh/zyy_ws/src/paper_reproduction/launch/mpc_repro.launch http://localhost:11311
[1mprocess[mpc_wrapper-1]: started with pid [35660][0m
[1mprocess[ref_gen-2]: started with pid [35661][0m
[1m[ref_gen-2] process has finished cleanly
log file: /home/sxh/.ros/log/cfc28064-633c-11f1-b69b-93ba2d23f00f/ref_gen-2*.log[0m
[mpc_wrapper-1] killing on exit
shutting down processing monitor...
... shutting down processing monitor complete
[1mdone[0m
