rm -f libacados_ocp_solver_hummingbird.so
rm -f acados_solver_hummingbird.o
cc -fPIC -std=c99   -O2 -I/home/sxh/acados/include -I/home/sxh/acados/include/acados -I/home/sxh/acados/include/blasfeo/include -I/home/sxh/acados/include/hpipm/include  -c -o acados_solver_hummingbird.o acados_solver_hummingbird.c
cc -fPIC -std=c99   -O2 -I/home/sxh/acados/include -I/home/sxh/acados/include/acados -I/home/sxh/acados/include/blasfeo/include -I/home/sxh/acados/include/hpipm/include  -c -o hummingbird_model/hummingbird_expl_ode_fun.o hummingbird_model/hummingbird_expl_ode_fun.c
cc -fPIC -std=c99   -O2 -I/home/sxh/acados/include -I/home/sxh/acados/include/acados -I/home/sxh/acados/include/blasfeo/include -I/home/sxh/acados/include/hpipm/include  -c -o hummingbird_model/hummingbird_expl_vde_forw.o hummingbird_model/hummingbird_expl_vde_forw.c
cc -fPIC -std=c99   -O2 -I/home/sxh/acados/include -I/home/sxh/acados/include/acados -I/home/sxh/acados/include/blasfeo/include -I/home/sxh/acados/include/hpipm/include  -c -o hummingbird_model/hummingbird_expl_vde_adj.o hummingbird_model/hummingbird_expl_vde_adj.c
cc -shared acados_solver_hummingbird.o hummingbird_model/hummingbird_expl_ode_fun.o hummingbird_model/hummingbird_expl_vde_forw.o hummingbird_model/hummingbird_expl_vde_adj.o -o libacados_ocp_solver_hummingbird.so -L/home/sxh/acados/lib -lacados -lhpipm -lblasfeo -lm  \
-L -l
[INFO] [1780836651.370557, 4750.070000]: Sending increasing speed wraped lemniscate trajectory
Maximum yawrate before adaption: 0.300
Maximum yawrate after adaption: 0.007
[INFO] [1780836641.500892, 0.000000]: Physics running at 0.50 normal speed
[INFO] [1780836641.504219, 0.000000]: Using random features. n_rf: 50, lr: 0.25, Gaussian kernel_std: 0.01.
field AcadosOcpDims.N has been migrated to AcadosOcpOptions.N_horizon. setting AcadosOcpOptions.N_horizon = N. For future comppatibility, please use AcadosOcpOptions.N_horizon directly.
External functions generated in 22.188 ms.
Templated solver code generated in 527.259 ms.
Build completed in 1228.564 ms.
acados was compiled without OpenMP.
[INFO] [1780836643.329706, 4746.050000]: Entering provisional hovering mode while to reference is available at: 
[INFO] [1780836643.331220, 4746.050000]: [1.5712973836090496, 0.039192870122047245, 0.15965296550270486, 0.9385520646203969, -0.018515194487438158, -0.3266587893098296, 0.1098692174201633, 2.7939254594131806, -0.33694291533121473, 0.2906740192723376, -0.7680031588040751, -1.395734938789073, 2.147992582024889]
[INFO] [1780836651.417367, 4750.090000]: New trajectory received. Time duration: 43.98 s. Max velocity: 5.00 m/s. Max speed: 7.4352. Max input: 0.6132.
[INFO] [1780836651.451342, 4750.110000]: Abandoning provisional hovering mode.
[INFO] [1780836660.613933, 4754.690000]: Reached initial position of trajectory.
[INFO] [1780836763.875270, 4806.310000]: Tracking complete. Total RMSE: 0.03592 m. Max axial vel: 4.821. Max speed: 7.311. Mean optimization time: 3.915 ms
[INFO] [1780836763.915126, 4806.330000]: Entering provisional hovering mode while to reference is available at: 
[INFO] [1780836763.916870, 4806.330000]: [-11.38121798866365, -3.3216789917837466, 0.14475181453227523, 0.999999992697959, -6.149549698718731e-06, 7.265918469935709e-07, 0.00012068859571740567, 2.768536950303603e-06, 4.8552469295539155e-05, -0.15469661602569898, 2.3984421540270656e-05, 2.164377336335568e-06, 0.00028221736631615745]
Traceback (most recent call last):
  File "/home/sxh/zyy_ws/src/SSI-MPC/ros_mpc/nodes/reference_publisher_node.py", line 236, in <module>
    ReferenceGenerator()
  File "/home/sxh/zyy_ws/src/SSI-MPC/ros_mpc/nodes/reference_publisher_node.py", line 223, in __init__
    rate.sleep()
  File "/opt/ros/noetic/lib/python3/dist-packages/rospy/timer.py", line 103, in sleep
    sleep(self._remaining(curr_time))
  File "/opt/ros/noetic/lib/python3/dist-packages/rospy/timer.py", line 165, in sleep
    raise rospy.exceptions.ROSInterruptException("ROS shutdown request")
rospy.exceptions.ROSInterruptException: ROS shutdown request
Traceback (most recent call last):
  File "/home/sxh/zyy_ws/src/SSI-MPC/ros_mpc/nodes/mpc_node.py", line 907, in <module>
    main()
  File "/home/sxh/zyy_ws/src/SSI-MPC/ros_mpc/nodes/mpc_node.py", line 903, in main
    MPCWrapper(quad_name, env, recording_options, plot=plot, reset_experiment=reset, save_data=save_data)
  File "/home/sxh/zyy_ws/src/SSI-MPC/ros_mpc/nodes/mpc_node.py", line 241, in __init__
    rate.sleep()
  File "/opt/ros/noetic/lib/python3/dist-packages/rospy/timer.py", line 103, in sleep
    sleep(self._remaining(curr_time))
  File "/opt/ros/noetic/lib/python3/dist-packages/rospy/timer.py", line 165, in sleep
    raise rospy.exceptions.ROSInterruptException("ROS shutdown request")
rospy.exceptions.ROSInterruptException: ROS shutdown request
... logging to /home/sxh/.ros/log/62ad7080-6259-11f1-8b61-ed52a31e366d/roslaunch-sxh-Legion-R9000P-ARX8-307085.log
Checking log directory for disk usage. This may take a while.
Press Ctrl-C to interrupt
Done checking log file disk usage. Usage is <1GB.
]2;/home/sxh/zyy_ws/src/paper_reproduction/launch/mpc_repro.launch
[1mstarted roslaunch server http://sxh-Legion-R9000P-ARX8:46881/[0m

SUMMARY
========

PARAMETERS
 * /mpc_wrapper/control_freq_factor: 5
 * /mpc_wrapper/environment: gazebo
 * /mpc_wrapper/heuristic: False
 * /mpc_wrapper/kernel: Gaussian
 * /mpc_wrapper/kernel_std: 0.01
 * /mpc_wrapper/lr: 0.25
 * /mpc_wrapper/n_nodes: 10
 * /mpc_wrapper/n_rf: 50
 * /mpc_wrapper/overwrite: True
 * /mpc_wrapper/plot: False
 * /mpc_wrapper/quad_name: hummingbird
 * /mpc_wrapper/recording: False
 * /mpc_wrapper/reset_experiment: True
 * /mpc_wrapper/save_data: True
 * /mpc_wrapper/t_horizon: 1
 * /mpc_wrapper/use_ekf_synchronization: False
 * /mpc_wrapper/world_limits: None
 * /ref_gen/control_freq_factor: 5
 * /ref_gen/environment: gazebo
 * /ref_gen/loop_clockwise: False
 * /ref_gen/loop_lin_a: 0.25
 * /ref_gen/loop_r: 7.5
 * /ref_gen/loop_v_max: 5.0
 * /ref_gen/loop_yawing: False
 * /ref_gen/loop_z: 3.0
 * /ref_gen/mode: wraped_lemniscate
 * /ref_gen/n_nodes: 10
 * /ref_gen/n_seeds: 1
 * /ref_gen/plot: False
 * /ref_gen/quad_name: hummingbird
 * /ref_gen/t_horizon: 1
 * /ref_gen/use_ekf_synchronization: False
 * /ref_gen/world_limits: None
 * /rosdistro: noetic
 * /rosversion: 1.17.4

NODES
  /
    mpc_wrapper (ros_mpc/mpc_node.py)
    ref_gen (ros_mpc/reference_publisher_node.py)

[1mROS_MASTER_URI=http://localhost:11311[0m
]2;/home/sxh/zyy_ws/src/paper_reproduction/launch/mpc_repro.launch http://localhost:11311
[1mprocess[mpc_wrapper-1]: started with pid [307133][0m
[1mprocess[ref_gen-2]: started with pid [307134][0m
[ref_gen-2] killing on exit
[mpc_wrapper-1] killing on exit
shutting down processing monitor...
... shutting down processing monitor complete
[1mdone[0m
