rm -f libacados_ocp_solver_hummingbird.so
rm -f acados_solver_hummingbird.o
cc -fPIC -std=c99   -O2 -I/home/sxh/acados/include -I/home/sxh/acados/include/acados -I/home/sxh/acados/include/blasfeo/include -I/home/sxh/acados/include/hpipm/include  -c -o acados_solver_hummingbird.o acados_solver_hummingbird.c
cc -fPIC -std=c99   -O2 -I/home/sxh/acados/include -I/home/sxh/acados/include/acados -I/home/sxh/acados/include/blasfeo/include -I/home/sxh/acados/include/hpipm/include  -c -o hummingbird_model/hummingbird_expl_ode_fun.o hummingbird_model/hummingbird_expl_ode_fun.c
cc -fPIC -std=c99   -O2 -I/home/sxh/acados/include -I/home/sxh/acados/include/acados -I/home/sxh/acados/include/blasfeo/include -I/home/sxh/acados/include/hpipm/include  -c -o hummingbird_model/hummingbird_expl_vde_forw.o hummingbird_model/hummingbird_expl_vde_forw.c
cc -fPIC -std=c99   -O2 -I/home/sxh/acados/include -I/home/sxh/acados/include/acados -I/home/sxh/acados/include/blasfeo/include -I/home/sxh/acados/include/hpipm/include  -c -o hummingbird_model/hummingbird_expl_vde_adj.o hummingbird_model/hummingbird_expl_vde_adj.c
cc -shared acados_solver_hummingbird.o hummingbird_model/hummingbird_expl_ode_fun.o hummingbird_model/hummingbird_expl_vde_forw.o hummingbird_model/hummingbird_expl_vde_adj.o -o libacados_ocp_solver_hummingbird.so -L/home/sxh/acados/lib -lacados -lhpipm -lblasfeo -lm  \
-L -l
[INFO] [1780925396.667395, 284.130000]: Sending increasing speed lemniscate trajectory
Maximum yawrate before adaption: 2.212
Maximum yawrate after adaption: 0.060
[WARN] [1780925559.847813, 365.700000]: Recording time skipped messages: 1
[ERROR] [1780925599.790816, 385.670000]: bad callback: <bound method MPCWrapper.odometry_callback of <__main__.MPCWrapper object at 0x7f5324b93e50>>
Traceback (most recent call last):
  File "/opt/ros/noetic/lib/python3/dist-packages/rospy/topics.py", line 750, in _invoke_callback
    cb(msg)
  File "/home/sxh/zyy_ws/src/SSI-MPC/ros_mpc/nodes/mpc_node.py", line 404, in odometry_callback
    self.ref_publish(empty=True)
  File "/home/sxh/zyy_ws/src/SSI-MPC/ros_mpc/nodes/mpc_node.py", line 765, in ref_publish
    self.ref_pub.publish(path_msg)
  File "/opt/ros/noetic/lib/python3/dist-packages/rospy/topics.py", line 882, in publish
    self.impl.publish(data)
  File "/opt/ros/noetic/lib/python3/dist-packages/rospy/topics.py", line 1041, in publish
    raise ROSException("publish() to a closed topic")
rospy.exceptions.ROSException: publish() to a closed topic

[INFO] [1780925386.783308, 0.000000]: Physics running at 0.50 normal speed
[INFO] [1780925386.785854, 279.190000]: Using random features. n_rf: 100, lr: 0.25, Gaussian kernel_std: 0.01.
field AcadosOcpDims.N has been migrated to AcadosOcpOptions.N_horizon. setting AcadosOcpOptions.N_horizon = N. For future comppatibility, please use AcadosOcpOptions.N_horizon directly.
External functions generated in 25.565 ms.
Templated solver code generated in 509.563 ms.
Build completed in 1195.593 ms.
acados was compiled without OpenMP.
[INFO] [1780925388.565338, 280.080000]: Entering provisional hovering mode while to reference is available at: 
[INFO] [1780925388.568174, 280.080000]: [3.4993603745561006, -1.6690701316615568, 0.059999999996417946, 0.9999998275464076, 5.810345398825627e-17, -1.5047279349118829e-18, 0.0005872879660754461, -1.0489669562519475e-17, 3.2567543759086343e-17, 3.5819125443481425e-12, -5.429973700801354e-16, -1.5443368308721574e-16, -4.336808689942053e-18]
[INFO] [1780925396.749631, 284.170000]: New trajectory received. Time duration: 83.98 s. Max velocity: 10.00 m/s. Max speed: 14.1083. Max input: 0.9116.
[INFO] [1780925396.767437, 284.180000]: Abandoning provisional hovering mode.
[INFO] [1780925415.931433, 293.760000]: Reached initial position of trajectory.
[INFO] [1780925593.931118, 382.740000]: Tracking complete. Total RMSE: 0.07135 m. Max axial vel: 9.942. Max speed: 13.649. Mean optimization time: 4.314 ms
[INFO] [1780925593.969072, 382.760000]: Entering provisional hovering mode while to reference is available at: 
[INFO] [1780925593.970756, 382.760000]: [-1.0452814885253396, -3.2858147141709924, 0.1453618911885737, 0.9999996984969188, 7.321452638576655e-05, 9.603132328780162e-06, 0.0007730158370506198, 0.00010094042048798318, -0.0005427148146636887, -0.15864676714982212, -0.00022926821438776622, -8.050151663063856e-05, -0.0009951909043566022]
[INFO] [1780925596.771236, 384.160000]: No more references will be received
Traceback (most recent call last):
  File "/home/sxh/zyy_ws/src/SSI-MPC/ros_mpc/nodes/mpc_node.py", line 907, in <module>
    main()
  File "/home/sxh/zyy_ws/src/SSI-MPC/ros_mpc/nodes/mpc_node.py", line 903, in main
    MPCWrapper(quad_name, env, recording_options, plot=plot, reset_experiment=reset, save_data=save_data)
  File "/home/sxh/zyy_ws/src/SSI-MPC/ros_mpc/nodes/mpc_node.py", line 241, in __init__
    rate.sleep()
  File "/opt/ros/noetic/lib/python3/dist-packages/rospy/timer.py", line 103, in sleep
    sleep(self._remaining(curr_time))
  File "/opt/ros/noetic/lib/python3/dist-packages/rospy/timer.py", line 165, in sleep
    raise rospy.exceptions.ROSInterruptException("ROS shutdown request")
rospy.exceptions.ROSInterruptException: ROS shutdown request
... logging to /home/sxh/.ros/log/cfc28064-633c-11f1-b69b-93ba2d23f00f/roslaunch-sxh-Legion-R9000P-ARX8-24437.log
Checking log directory for disk usage. This may take a while.
Press Ctrl-C to interrupt
Done checking log file disk usage. Usage is <1GB.
]2;/home/sxh/zyy_ws/src/paper_reproduction/launch/mpc_repro.launch
[1mstarted roslaunch server http://sxh-Legion-R9000P-ARX8:43985/[0m

SUMMARY
========

PARAMETERS
 * /mpc_wrapper/control_freq_factor: 5
 * /mpc_wrapper/environment: gazebo
 * /mpc_wrapper/heuristic: False
 * /mpc_wrapper/kernel: Gaussian
 * /mpc_wrapper/kernel_std: 0.01
 * /mpc_wrapper/lr: 0.25
 * /mpc_wrapper/n_nodes: 10
 * /mpc_wrapper/n_rf: 100
 * /mpc_wrapper/overwrite: True
 * /mpc_wrapper/plot: False
 * /mpc_wrapper/quad_name: hummingbird
 * /mpc_wrapper/recording: False
 * /mpc_wrapper/reset_experiment: True
 * /mpc_wrapper/save_data: True
 * /mpc_wrapper/t_horizon: 1
 * /mpc_wrapper/use_ekf_synchronization: False
 * /mpc_wrapper/world_limits: None
 * /ref_gen/control_freq_factor: 5
 * /ref_gen/environment: gazebo
 * /ref_gen/loop_clockwise: False
 * /ref_gen/loop_lin_a: 0.25
 * /ref_gen/loop_r: 7.5
 * /ref_gen/loop_v_max: 10.0
 * /ref_gen/loop_yawing: False
 * /ref_gen/loop_z: 2.5
 * /ref_gen/mode: lemniscate
 * /ref_gen/n_nodes: 10
 * /ref_gen/n_seeds: 1
 * /ref_gen/plot: False
 * /ref_gen/quad_name: hummingbird
 * /ref_gen/t_horizon: 1
 * /ref_gen/use_ekf_synchronization: False
 * /ref_gen/world_limits: None
 * /rosdistro: noetic
 * /rosversion: 1.17.4

NODES
  /
    mpc_wrapper (ros_mpc/mpc_node.py)
    ref_gen (ros_mpc/reference_publisher_node.py)

[1mROS_MASTER_URI=http://localhost:11311[0m
]2;/home/sxh/zyy_ws/src/paper_reproduction/launch/mpc_repro.launch http://localhost:11311
[1mprocess[mpc_wrapper-1]: started with pid [24485][0m
[1mprocess[ref_gen-2]: started with pid [24486][0m
[1m[ref_gen-2] process has finished cleanly
log file: /home/sxh/.ros/log/cfc28064-633c-11f1-b69b-93ba2d23f00f/ref_gen-2*.log[0m
[mpc_wrapper-1] killing on exit
shutting down processing monitor...
... shutting down processing monitor complete
[1mdone[0m
