rm -f libacados_ocp_solver_hummingbird.so
rm -f acados_solver_hummingbird.o
cc -fPIC -std=c99   -O2 -I/home/sxh/acados/include -I/home/sxh/acados/include/acados -I/home/sxh/acados/include/blasfeo/include -I/home/sxh/acados/include/hpipm/include  -c -o acados_solver_hummingbird.o acados_solver_hummingbird.c
cc -fPIC -std=c99   -O2 -I/home/sxh/acados/include -I/home/sxh/acados/include/acados -I/home/sxh/acados/include/blasfeo/include -I/home/sxh/acados/include/hpipm/include  -c -o hummingbird_model/hummingbird_expl_ode_fun.o hummingbird_model/hummingbird_expl_ode_fun.c
cc -fPIC -std=c99   -O2 -I/home/sxh/acados/include -I/home/sxh/acados/include/acados -I/home/sxh/acados/include/blasfeo/include -I/home/sxh/acados/include/hpipm/include  -c -o hummingbird_model/hummingbird_expl_vde_forw.o hummingbird_model/hummingbird_expl_vde_forw.c
cc -fPIC -std=c99   -O2 -I/home/sxh/acados/include -I/home/sxh/acados/include/acados -I/home/sxh/acados/include/blasfeo/include -I/home/sxh/acados/include/hpipm/include  -c -o hummingbird_model/hummingbird_expl_vde_adj.o hummingbird_model/hummingbird_expl_vde_adj.c
cc -shared acados_solver_hummingbird.o hummingbird_model/hummingbird_expl_ode_fun.o hummingbird_model/hummingbird_expl_vde_forw.o hummingbird_model/hummingbird_expl_vde_adj.o -o libacados_ocp_solver_hummingbird.so -L/home/sxh/acados/lib -lacados -lhpipm -lblasfeo -lm  \
-L -l
[INFO] [1780925147.254753, 159.450000]: Sending increasing speed wraped loop trajectory
Maximum yawrate before adaption: 2.897
Maximum yawrate after adaption: 0.051
[WARN] [1780925338.300374, 254.950000]: Recording time skipped messages: 1
[INFO] [1780925137.382859, 0.000000]: Physics running at 0.50 normal speed
[INFO] [1780925137.385968, 0.000000]: Using random features. n_rf: 100, lr: 0.25, Gaussian kernel_std: 0.01.
field AcadosOcpDims.N has been migrated to AcadosOcpOptions.N_horizon. setting AcadosOcpOptions.N_horizon = N. For future comppatibility, please use AcadosOcpOptions.N_horizon directly.
External functions generated in 24.938 ms.
Templated solver code generated in 495.404 ms.
Build completed in 1236.152 ms.
acados was compiled without OpenMP.
[INFO] [1780925139.173209, 155.410000]: Entering provisional hovering mode while to reference is available at: 
[INFO] [1780925139.174066, 155.410000]: [-3.5923680059616934, -8.47805215737426, 0.059999999996417946, 0.9999935607136271, -3.1572037408289443e-16, -3.0315175648547498e-18, 0.0035886670619339265, -1.7857657119397424e-17, 1.3784505377356788e-18, 3.581821506060123e-12, -2.012919487303284e-17, -3.302394665469813e-16, 9.108794153666242e-21]
[INFO] [1780925147.338301, 159.490000]: Abandoning provisional hovering mode.
[INFO] [1780925147.338825, 159.490000]: New trajectory received. Time duration: 83.98 s. Max velocity: 10.00 m/s. Max speed: 11.2527. Max input: 1.0435.
[INFO] [1780925192.504773, 182.070000]: Reached initial position of trajectory.
[INFO] [1780925373.822888, 272.710000]: Tracking complete. Total RMSE: 0.06730 m. Max axial vel: 10.013. Max speed: 11.221. Mean optimization time: 4.598 ms
[INFO] [1780925373.862373, 272.730000]: Entering provisional hovering mode while to reference is available at: 
[INFO] [1780925373.863479, 272.730000]: [3.499398878121677, -1.6690211490550324, 0.14371937091614745, 0.9999919753965931, -1.0780242144634352e-05, -0.0001415766479029698, 0.0040036211432486766, -0.0010825294471651298, 7.459983527182185e-05, -0.1532330065307699, 6.685444666696875e-05, 0.0004363663136570135, -0.018406572843851346]
[INFO] [1780925377.365116, 274.480000]: No more references will be received
Traceback (most recent call last):
  File "/home/sxh/zyy_ws/src/SSI-MPC/ros_mpc/nodes/mpc_node.py", line 907, in <module>
    main()
  File "/home/sxh/zyy_ws/src/SSI-MPC/ros_mpc/nodes/mpc_node.py", line 903, in main
    MPCWrapper(quad_name, env, recording_options, plot=plot, reset_experiment=reset, save_data=save_data)
  File "/home/sxh/zyy_ws/src/SSI-MPC/ros_mpc/nodes/mpc_node.py", line 241, in __init__
    rate.sleep()
  File "/opt/ros/noetic/lib/python3/dist-packages/rospy/timer.py", line 103, in sleep
    sleep(self._remaining(curr_time))
  File "/opt/ros/noetic/lib/python3/dist-packages/rospy/timer.py", line 165, in sleep
    raise rospy.exceptions.ROSInterruptException("ROS shutdown request")
rospy.exceptions.ROSInterruptException: ROS shutdown request
... logging to /home/sxh/.ros/log/cfc28064-633c-11f1-b69b-93ba2d23f00f/roslaunch-sxh-Legion-R9000P-ARX8-18001.log
Checking log directory for disk usage. This may take a while.
Press Ctrl-C to interrupt
Done checking log file disk usage. Usage is <1GB.
]2;/home/sxh/zyy_ws/src/paper_reproduction/launch/mpc_repro.launch
[1mstarted roslaunch server http://sxh-Legion-R9000P-ARX8:37209/[0m

SUMMARY
========

PARAMETERS
 * /mpc_wrapper/control_freq_factor: 5
 * /mpc_wrapper/environment: gazebo
 * /mpc_wrapper/heuristic: False
 * /mpc_wrapper/kernel: Gaussian
 * /mpc_wrapper/kernel_std: 0.01
 * /mpc_wrapper/lr: 0.25
 * /mpc_wrapper/n_nodes: 10
 * /mpc_wrapper/n_rf: 100
 * /mpc_wrapper/overwrite: True
 * /mpc_wrapper/plot: False
 * /mpc_wrapper/quad_name: hummingbird
 * /mpc_wrapper/recording: False
 * /mpc_wrapper/reset_experiment: True
 * /mpc_wrapper/save_data: True
 * /mpc_wrapper/t_horizon: 1
 * /mpc_wrapper/use_ekf_synchronization: False
 * /mpc_wrapper/world_limits: None
 * /ref_gen/control_freq_factor: 5
 * /ref_gen/environment: gazebo
 * /ref_gen/loop_clockwise: False
 * /ref_gen/loop_lin_a: 0.25
 * /ref_gen/loop_r: 4.5
 * /ref_gen/loop_v_max: 10.0
 * /ref_gen/loop_yawing: False
 * /ref_gen/loop_z: 3.0
 * /ref_gen/mode: wraped_loop
 * /ref_gen/n_nodes: 10
 * /ref_gen/n_seeds: 1
 * /ref_gen/plot: False
 * /ref_gen/quad_name: hummingbird
 * /ref_gen/t_horizon: 1
 * /ref_gen/use_ekf_synchronization: False
 * /ref_gen/world_limits: None
 * /rosdistro: noetic
 * /rosversion: 1.17.4

NODES
  /
    mpc_wrapper (ros_mpc/mpc_node.py)
    ref_gen (ros_mpc/reference_publisher_node.py)

[1mROS_MASTER_URI=http://localhost:11311[0m
]2;/home/sxh/zyy_ws/src/paper_reproduction/launch/mpc_repro.launch http://localhost:11311
[1mprocess[mpc_wrapper-1]: started with pid [18049][0m
[1mprocess[ref_gen-2]: started with pid [18050][0m
[1m[ref_gen-2] process has finished cleanly
log file: /home/sxh/.ros/log/cfc28064-633c-11f1-b69b-93ba2d23f00f/ref_gen-2*.log[0m
[mpc_wrapper-1] killing on exit
shutting down processing monitor...
... shutting down processing monitor complete
[1mdone[0m
