rm -f libacados_ocp_solver_hummingbird.so
rm -f acados_solver_hummingbird.o
cc -fPIC -std=c99   -O2 -I/home/sxh/acados/include -I/home/sxh/acados/include/acados -I/home/sxh/acados/include/blasfeo/include -I/home/sxh/acados/include/hpipm/include  -c -o acados_solver_hummingbird.o acados_solver_hummingbird.c
cc -fPIC -std=c99   -O2 -I/home/sxh/acados/include -I/home/sxh/acados/include/acados -I/home/sxh/acados/include/blasfeo/include -I/home/sxh/acados/include/hpipm/include  -c -o hummingbird_model/hummingbird_expl_ode_fun.o hummingbird_model/hummingbird_expl_ode_fun.c
cc -fPIC -std=c99   -O2 -I/home/sxh/acados/include -I/home/sxh/acados/include/acados -I/home/sxh/acados/include/blasfeo/include -I/home/sxh/acados/include/hpipm/include  -c -o hummingbird_model/hummingbird_expl_vde_forw.o hummingbird_model/hummingbird_expl_vde_forw.c
cc -fPIC -std=c99   -O2 -I/home/sxh/acados/include -I/home/sxh/acados/include/acados -I/home/sxh/acados/include/blasfeo/include -I/home/sxh/acados/include/hpipm/include  -c -o hummingbird_model/hummingbird_expl_vde_adj.o hummingbird_model/hummingbird_expl_vde_adj.c
cc -shared acados_solver_hummingbird.o hummingbird_model/hummingbird_expl_ode_fun.o hummingbird_model/hummingbird_expl_vde_forw.o hummingbird_model/hummingbird_expl_vde_adj.o -o libacados_ocp_solver_hummingbird.so -L/home/sxh/acados/lib -lacados -lhpipm -lblasfeo -lm  \
-L -l
Maximum yawrate before adaption: 0.360
Maximum yawrate after adaption: 0.070
[INFO] [1780927136.231287, 1153.730000]: Letter 'zyy' ready: 13351 samples, duration 267.0s, v_max=10.0
[INFO] [1780927138.829121, 1155.030000]: Publishing letter trajectory: letter_zyy
[INFO] [1780927734.952630, 1453.030000]: Letter trajectory complete.
[WARN] [1780927336.037660, 1253.610000]: Recording time skipped messages: 1
[INFO] [1780927134.454594, 0.000000]: Physics running at 0.50 normal speed
[INFO] [1780927134.457380, 0.000000]: Using random features. n_rf: 50, lr: 0.25, Gaussian kernel_std: 0.01.
field AcadosOcpDims.N has been migrated to AcadosOcpOptions.N_horizon. setting AcadosOcpOptions.N_horizon = N. For future comppatibility, please use AcadosOcpOptions.N_horizon directly.
External functions generated in 41.321 ms.
Templated solver code generated in 753.057 ms.
Build completed in 1528.103 ms.
acados was compiled without OpenMP.
[INFO] [1780927136.829050, 1154.030000]: Entering provisional hovering mode while to reference is available at: 
[INFO] [1780927136.830296, 1154.030000]: [9.537363527118492, -0.927624526937398, 0.059999999996417946, 0.9999999880929176, 1.2794479331954433e-17, 1.2078611820333456e-18, 0.00015431838770297738, -7.104689050996346e-14, 4.419875638569558e-15, 3.5819125443481425e-12, 3.371076778211201e-16, 1.2835614843515827e-16, -2.203981688077982e-18]
[INFO] [1780927138.846933, 1155.030000]: New trajectory received. Time duration: 267.00 s. Max velocity: 10.00 m/s. Max speed: 1.0520. Max input: 1.7074.
[INFO] [1780927138.869375, 1155.050000]: Abandoning provisional hovering mode.
[INFO] [1780927189.760150, 1180.490000]: Reached initial position of trajectory.
[INFO] [1780927733.876421, 1452.490000]: Tracking complete. Total RMSE: 0.00213 m. Max axial vel: 0.432. Max speed: 0.449. Mean optimization time: 3.079 ms
[INFO] [1780927733.912762, 1452.510000]: Entering provisional hovering mode while to reference is available at: 
[INFO] [1780927733.914331, 1452.510000]: [13.226052987224422, -2.3120346247686765, 0.14443844052362326, 0.9999984991444928, -5.995556460097195e-05, -5.9212354557727264e-08, -0.0017315063062524109, 7.69622230535016e-06, -0.00029439141837424206, -0.15736126889505464, -0.0011197659335678456, -1.9833449361156817e-05, 0.0021826139227682944]
[INFO] [1780927734.955851, 1453.030000]: No more references will be received
Traceback (most recent call last):
  File "/home/sxh/zyy_ws/src/SSI-MPC/ros_mpc/nodes/mpc_node.py", line 907, in <module>
    main()
  File "/home/sxh/zyy_ws/src/SSI-MPC/ros_mpc/nodes/mpc_node.py", line 903, in main
    MPCWrapper(quad_name, env, recording_options, plot=plot, reset_experiment=reset, save_data=save_data)
  File "/home/sxh/zyy_ws/src/SSI-MPC/ros_mpc/nodes/mpc_node.py", line 241, in __init__
    rate.sleep()
  File "/opt/ros/noetic/lib/python3/dist-packages/rospy/timer.py", line 103, in sleep
    sleep(self._remaining(curr_time))
  File "/opt/ros/noetic/lib/python3/dist-packages/rospy/timer.py", line 165, in sleep
    raise rospy.exceptions.ROSInterruptException("ROS shutdown request")
rospy.exceptions.ROSInterruptException: ROS shutdown request
... logging to /home/sxh/.ros/log/cfc28064-633c-11f1-b69b-93ba2d23f00f/roslaunch-sxh-Legion-R9000P-ARX8-65161.log
Checking log directory for disk usage. This may take a while.
Press Ctrl-C to interrupt
Done checking log file disk usage. Usage is <1GB.
]2;/home/sxh/zyy_ws/src/paper_reproduction/launch/mpc_letter_repro.launch
[1mstarted roslaunch server http://sxh-Legion-R9000P-ARX8:35217/[0m

SUMMARY
========

PARAMETERS
 * /mpc_wrapper/control_freq_factor: 5
 * /mpc_wrapper/environment: gazebo
 * /mpc_wrapper/heuristic: False
 * /mpc_wrapper/kernel: Gaussian
 * /mpc_wrapper/kernel_std: 0.01
 * /mpc_wrapper/lr: 0.25
 * /mpc_wrapper/n_nodes: 10
 * /mpc_wrapper/n_rf: 50
 * /mpc_wrapper/overwrite: True
 * /mpc_wrapper/plot: False
 * /mpc_wrapper/quad_name: hummingbird
 * /mpc_wrapper/recording: False
 * /mpc_wrapper/reset_experiment: True
 * /mpc_wrapper/save_data: True
 * /mpc_wrapper/t_horizon: 1
 * /mpc_wrapper/use_ekf_synchronization: False
 * /mpc_wrapper/world_limits: None
 * /ref_gen/letter: zyy
 * /ref_gen/letter_center_x: 8.0
 * /ref_gen/letter_center_y: 0.0
 * /ref_gen/letter_scale: 1.15
 * /ref_gen/loop_lin_a: 0.25
 * /ref_gen/loop_v_max: 10.0
 * /ref_gen/loop_z: 2.5
 * /ref_gen/n_nodes: 10
 * /ref_gen/plot: False
 * /ref_gen/t_horizon: 1
 * /rosdistro: noetic
 * /rosversion: 1.17.4

NODES
  /
    mpc_wrapper (ros_mpc/mpc_node.py)
    ref_gen (paper_reproduction/letter_ref_publisher_node.py)

[1mROS_MASTER_URI=http://localhost:11311[0m
]2;/home/sxh/zyy_ws/src/paper_reproduction/launch/mpc_letter_repro.launch http://localhost:11311
[1mprocess[mpc_wrapper-1]: started with pid [65210][0m
[1mprocess[ref_gen-2]: started with pid [65211][0m
[1m[ref_gen-2] process has finished cleanly
log file: /home/sxh/.ros/log/cfc28064-633c-11f1-b69b-93ba2d23f00f/ref_gen-2*.log[0m
[mpc_wrapper-1] killing on exit
shutting down processing monitor...
... shutting down processing monitor complete
[1mdone[0m
