rm -f libacados_ocp_solver_hummingbird.so
rm -f acados_solver_hummingbird.o
cc -fPIC -std=c99   -O2 -I/home/sxh/acados/include -I/home/sxh/acados/include/acados -I/home/sxh/acados/include/blasfeo/include -I/home/sxh/acados/include/hpipm/include  -c -o acados_solver_hummingbird.o acados_solver_hummingbird.c
cc -fPIC -std=c99   -O2 -I/home/sxh/acados/include -I/home/sxh/acados/include/acados -I/home/sxh/acados/include/blasfeo/include -I/home/sxh/acados/include/hpipm/include  -c -o hummingbird_model/hummingbird_expl_ode_fun.o hummingbird_model/hummingbird_expl_ode_fun.c
cc -fPIC -std=c99   -O2 -I/home/sxh/acados/include -I/home/sxh/acados/include/acados -I/home/sxh/acados/include/blasfeo/include -I/home/sxh/acados/include/hpipm/include  -c -o hummingbird_model/hummingbird_expl_vde_forw.o hummingbird_model/hummingbird_expl_vde_forw.c
cc -fPIC -std=c99   -O2 -I/home/sxh/acados/include -I/home/sxh/acados/include/acados -I/home/sxh/acados/include/blasfeo/include -I/home/sxh/acados/include/hpipm/include  -c -o hummingbird_model/hummingbird_expl_vde_adj.o hummingbird_model/hummingbird_expl_vde_adj.c
cc -shared acados_solver_hummingbird.o hummingbird_model/hummingbird_expl_ode_fun.o hummingbird_model/hummingbird_expl_vde_forw.o hummingbird_model/hummingbird_expl_vde_adj.o -o libacados_ocp_solver_hummingbird.so -L/home/sxh/acados/lib -lacados -lhpipm -lblasfeo -lm  \
-L -l
[INFO] [1780998194.371372, 719.240000]: Sending increasing speed wraped lemniscate trajectory
Maximum yawrate before adaption: 1.315
Maximum yawrate after adaption: 0.081
[WARN] [1780998289.719055, 766.900000]: Recording time skipped messages: 1
[INFO] [1780998184.486291, 0.000000]: Physics running at 0.50 normal speed
[INFO] [1780998184.489210, 714.300000]: Using random features. n_rf: 50, lr: 0.25, Gaussian kernel_std: 0.01.
field AcadosOcpDims.N has been migrated to AcadosOcpOptions.N_horizon. setting AcadosOcpOptions.N_horizon = N. For future comppatibility, please use AcadosOcpOptions.N_horizon directly.
External functions generated in 22.114 ms.
Templated solver code generated in 526.546 ms.
Build completed in 1241.903 ms.
acados was compiled without OpenMP.
[INFO] [1780998186.330449, 715.220000]: Entering provisional hovering mode while to reference is available at: 
[INFO] [1780998186.332027, 715.220000]: [-0.0280295151582031, -0.03512127596851632, 0.05996883199274962, 0.9999469389714584, -8.952358009861761e-05, 6.070291839727579e-05, 0.010300851532520978, -0.0007580399527221876, -0.000998999565888149, -0.003259622094657642, -0.014924675221207356, 0.012324564437686633, -0.0018626475386922473]
[INFO] [1780998194.449625, 719.270000]: New trajectory received. Time duration: 83.98 s. Max velocity: 10.00 m/s. Max speed: 14.7203. Max input: 1.6491.
[INFO] [1780998194.451631, 719.280000]: Abandoning provisional hovering mode.
[INFO] [1780998200.893228, 722.500000]: Reached initial position of trajectory.
[INFO] [1780998383.732376, 813.900000]: Tracking complete. Total RMSE: 0.17311 m. Max axial vel: 10.412. Max speed: 13.869. Mean optimization time: 5.416 ms
[INFO] [1780998383.771029, 813.920000]: Entering provisional hovering mode while to reference is available at: 
[INFO] [1780998383.772563, 813.920000]: [-1.044940983973016, -3.287462636239451, 0.14424728655931077, 0.9999999881532563, -8.843762418041762e-05, -3.198986614974876e-05, 0.00012185615527944826, -0.00011420288706446156, 0.0005041689086202691, -0.1585303088586434, 3.838432486938968e-05, -0.00010146925832614082, 0.00010947619189429235]
[INFO] [1780998384.472980, 814.270000]: No more references will be received
Traceback (most recent call last):
  File "/home/sxh/zyy_ws/src/SSI-MPC/ros_mpc/nodes/mpc_node.py", line 907, in <module>
    main()
  File "/home/sxh/zyy_ws/src/SSI-MPC/ros_mpc/nodes/mpc_node.py", line 903, in main
    MPCWrapper(quad_name, env, recording_options, plot=plot, reset_experiment=reset, save_data=save_data)
  File "/home/sxh/zyy_ws/src/SSI-MPC/ros_mpc/nodes/mpc_node.py", line 241, in __init__
    rate.sleep()
  File "/opt/ros/noetic/lib/python3/dist-packages/rospy/timer.py", line 103, in sleep
    sleep(self._remaining(curr_time))
  File "/opt/ros/noetic/lib/python3/dist-packages/rospy/timer.py", line 165, in sleep
    raise rospy.exceptions.ROSInterruptException("ROS shutdown request")
rospy.exceptions.ROSInterruptException: ROS shutdown request
... logging to /home/sxh/.ros/log/47b5c91c-63e4-11f1-8c47-b39f436f1b82/roslaunch-sxh-Legion-R9000P-ARX8-41467.log
Checking log directory for disk usage. This may take a while.
Press Ctrl-C to interrupt
Done checking log file disk usage. Usage is <1GB.
]2;/home/sxh/zyy_ws/src/paper_reproduction/launch/mpc_repro.launch
[1mstarted roslaunch server http://sxh-Legion-R9000P-ARX8:40791/[0m

SUMMARY
========

PARAMETERS
 * /mpc_wrapper/control_freq_factor: 5
 * /mpc_wrapper/environment: gazebo
 * /mpc_wrapper/heuristic: False
 * /mpc_wrapper/kernel: Gaussian
 * /mpc_wrapper/kernel_std: 0.01
 * /mpc_wrapper/lr: 0.25
 * /mpc_wrapper/n_nodes: 20
 * /mpc_wrapper/n_rf: 50
 * /mpc_wrapper/overwrite: True
 * /mpc_wrapper/plot: False
 * /mpc_wrapper/quad_name: hummingbird
 * /mpc_wrapper/recording: False
 * /mpc_wrapper/reset_experiment: True
 * /mpc_wrapper/save_data: True
 * /mpc_wrapper/t_horizon: 2
 * /mpc_wrapper/use_ekf_synchronization: False
 * /mpc_wrapper/world_limits: None
 * /ref_gen/control_freq_factor: 5
 * /ref_gen/environment: gazebo
 * /ref_gen/loop_clockwise: False
 * /ref_gen/loop_lin_a: 0.25
 * /ref_gen/loop_r: 7.5
 * /ref_gen/loop_v_max: 10.0
 * /ref_gen/loop_yawing: False
 * /ref_gen/loop_z: 3.0
 * /ref_gen/mode: wraped_lemniscate
 * /ref_gen/n_nodes: 20
 * /ref_gen/n_seeds: 1
 * /ref_gen/plot: False
 * /ref_gen/quad_name: hummingbird
 * /ref_gen/t_horizon: 2
 * /ref_gen/use_ekf_synchronization: False
 * /ref_gen/world_limits: None
 * /rosdistro: noetic
 * /rosversion: 1.17.4

NODES
  /
    mpc_wrapper (ros_mpc/mpc_node.py)
    ref_gen (ros_mpc/reference_publisher_node.py)

[1mROS_MASTER_URI=http://localhost:11311[0m
]2;/home/sxh/zyy_ws/src/paper_reproduction/launch/mpc_repro.launch http://localhost:11311
[1mprocess[mpc_wrapper-1]: started with pid [41516][0m
[1mprocess[ref_gen-2]: started with pid [41517][0m
[1m[ref_gen-2] process has finished cleanly
log file: /home/sxh/.ros/log/47b5c91c-63e4-11f1-8c47-b39f436f1b82/ref_gen-2*.log[0m
[mpc_wrapper-1] killing on exit
shutting down processing monitor...
... shutting down processing monitor complete
[1mdone[0m
