rm -f libacados_ocp_solver_hummingbird.so
rm -f acados_solver_hummingbird.o
cc -fPIC -std=c99   -O2 -I/home/sxh/acados/include -I/home/sxh/acados/include/acados -I/home/sxh/acados/include/blasfeo/include -I/home/sxh/acados/include/hpipm/include  -c -o acados_solver_hummingbird.o acados_solver_hummingbird.c
cc -fPIC -std=c99   -O2 -I/home/sxh/acados/include -I/home/sxh/acados/include/acados -I/home/sxh/acados/include/blasfeo/include -I/home/sxh/acados/include/hpipm/include  -c -o hummingbird_model/hummingbird_expl_ode_fun.o hummingbird_model/hummingbird_expl_ode_fun.c
cc -fPIC -std=c99   -O2 -I/home/sxh/acados/include -I/home/sxh/acados/include/acados -I/home/sxh/acados/include/blasfeo/include -I/home/sxh/acados/include/hpipm/include  -c -o hummingbird_model/hummingbird_expl_vde_forw.o hummingbird_model/hummingbird_expl_vde_forw.c
cc -fPIC -std=c99   -O2 -I/home/sxh/acados/include -I/home/sxh/acados/include/acados -I/home/sxh/acados/include/blasfeo/include -I/home/sxh/acados/include/hpipm/include  -c -o hummingbird_model/hummingbird_expl_vde_adj.o hummingbird_model/hummingbird_expl_vde_adj.c
cc -shared acados_solver_hummingbird.o hummingbird_model/hummingbird_expl_ode_fun.o hummingbird_model/hummingbird_expl_vde_forw.o hummingbird_model/hummingbird_expl_vde_adj.o -o libacados_ocp_solver_hummingbird.so -L/home/sxh/acados/lib -lacados -lhpipm -lblasfeo -lm  \
-L -l
[INFO] [1780997545.935977, 395.090000]: Sending increasing speed loop trajectory
Maximum yawrate before adaption: 1.142
Maximum yawrate after adaption: 0.001
[WARN] [1780997650.263333, 447.240000]: Recording time skipped messages: 1
[INFO] [1780997536.035135, 390.140000]: Physics running at 0.50 normal speed
[INFO] [1780997536.037018, 390.140000]: Using random features. n_rf: 50, lr: 0.25, Gaussian kernel_std: 0.01.
field AcadosOcpDims.N has been migrated to AcadosOcpOptions.N_horizon. setting AcadosOcpOptions.N_horizon = N. For future comppatibility, please use AcadosOcpOptions.N_horizon directly.
External functions generated in 22.879 ms.
Templated solver code generated in 515.591 ms.
Build completed in 1219.351 ms.
acados was compiled without OpenMP.
[INFO] [1780997537.835351, 391.040000]: Entering provisional hovering mode while to reference is available at: 
[INFO] [1780997537.836416, 391.040000]: [-1.0449844516708238, -3.2874112641394055, 0.059999999996417946, 0.9999999931353281, -4.446192532371599e-16, -4.170621372784323e-18, 0.00011717228358408203, 1.4088777894384538e-17, 8.151171363583348e-18, 3.5818570331969113e-12, -1.357847700087907e-16, 2.549677539811022e-16, 1.1473676521760423e-18]
[INFO] [1780997546.023974, 395.130000]: New trajectory received. Time duration: 83.98 s. Max velocity: 10.00 m/s. Max speed: 10.0683. Max input: 0.6769.
[INFO] [1780997546.036087, 395.140000]: Abandoning provisional hovering mode.
[INFO] [1780997563.881289, 404.060000]: Reached initial position of trajectory.
[INFO] [1780997741.757415, 492.980000]: Tracking complete. Total RMSE: 0.05047 m. Max axial vel: 9.970. Max speed: 9.976. Mean optimization time: 5.347 ms
[INFO] [1780997741.797202, 493.000000]: Entering provisional hovering mode while to reference is available at: 
[INFO] [1780997741.798658, 493.000000]: [-3.5914842984850233, -8.47784366260003, 0.14598151133554105, 0.9999953406252987, 7.761798922729642e-05, -1.191714744352298e-06, 0.003051671954897345, 0.0002230305784622658, -0.0005922886574262255, -0.16118874754544815, -0.00031838457241570886, -0.0003935634958952905, -0.007209902121326251]
[INFO] [1780997746.040483, 495.120000]: No more references will be received
Traceback (most recent call last):
  File "/home/sxh/zyy_ws/src/SSI-MPC/ros_mpc/nodes/mpc_node.py", line 907, in <module>
    main()
  File "/home/sxh/zyy_ws/src/SSI-MPC/ros_mpc/nodes/mpc_node.py", line 903, in main
    MPCWrapper(quad_name, env, recording_options, plot=plot, reset_experiment=reset, save_data=save_data)
  File "/home/sxh/zyy_ws/src/SSI-MPC/ros_mpc/nodes/mpc_node.py", line 241, in __init__
    rate.sleep()
  File "/opt/ros/noetic/lib/python3/dist-packages/rospy/timer.py", line 103, in sleep
    sleep(self._remaining(curr_time))
  File "/opt/ros/noetic/lib/python3/dist-packages/rospy/timer.py", line 165, in sleep
    raise rospy.exceptions.ROSInterruptException("ROS shutdown request")
rospy.exceptions.ROSInterruptException: ROS shutdown request
... logging to /home/sxh/.ros/log/47b5c91c-63e4-11f1-8c47-b39f436f1b82/roslaunch-sxh-Legion-R9000P-ARX8-24601.log
Checking log directory for disk usage. This may take a while.
Press Ctrl-C to interrupt
Done checking log file disk usage. Usage is <1GB.
]2;/home/sxh/zyy_ws/src/paper_reproduction/launch/mpc_repro.launch
[1mstarted roslaunch server http://sxh-Legion-R9000P-ARX8:36919/[0m

SUMMARY
========

PARAMETERS
 * /mpc_wrapper/control_freq_factor: 5
 * /mpc_wrapper/environment: gazebo
 * /mpc_wrapper/heuristic: False
 * /mpc_wrapper/kernel: Gaussian
 * /mpc_wrapper/kernel_std: 0.01
 * /mpc_wrapper/lr: 0.25
 * /mpc_wrapper/n_nodes: 20
 * /mpc_wrapper/n_rf: 50
 * /mpc_wrapper/overwrite: True
 * /mpc_wrapper/plot: False
 * /mpc_wrapper/quad_name: hummingbird
 * /mpc_wrapper/recording: False
 * /mpc_wrapper/reset_experiment: True
 * /mpc_wrapper/save_data: True
 * /mpc_wrapper/t_horizon: 2
 * /mpc_wrapper/use_ekf_synchronization: False
 * /mpc_wrapper/world_limits: None
 * /ref_gen/control_freq_factor: 5
 * /ref_gen/environment: gazebo
 * /ref_gen/loop_clockwise: False
 * /ref_gen/loop_lin_a: 0.25
 * /ref_gen/loop_r: 5.0
 * /ref_gen/loop_v_max: 10.0
 * /ref_gen/loop_yawing: False
 * /ref_gen/loop_z: 2.5
 * /ref_gen/mode: loop
 * /ref_gen/n_nodes: 20
 * /ref_gen/n_seeds: 1
 * /ref_gen/plot: False
 * /ref_gen/quad_name: hummingbird
 * /ref_gen/t_horizon: 2
 * /ref_gen/use_ekf_synchronization: False
 * /ref_gen/world_limits: None
 * /rosdistro: noetic
 * /rosversion: 1.17.4

NODES
  /
    mpc_wrapper (ros_mpc/mpc_node.py)
    ref_gen (ros_mpc/reference_publisher_node.py)

[1mROS_MASTER_URI=http://localhost:11311[0m
]2;/home/sxh/zyy_ws/src/paper_reproduction/launch/mpc_repro.launch http://localhost:11311
[1mprocess[mpc_wrapper-1]: started with pid [24649][0m
[1mprocess[ref_gen-2]: started with pid [24650][0m
[1m[ref_gen-2] process has finished cleanly
log file: /home/sxh/.ros/log/47b5c91c-63e4-11f1-8c47-b39f436f1b82/ref_gen-2*.log[0m
[mpc_wrapper-1] killing on exit
shutting down processing monitor...
... shutting down processing monitor complete
[1mdone[0m
